=== quantum_ecc: build_circuit (untrusted stage) ===

-- building circuit --
PEAK active=1 next_idx=0 phase='init' ops_idx=0
PEAK active=2 next_idx=1 phase='init' ops_idx=0
PEAK active=3 next_idx=2 phase='init' ops_idx=0
PEAK active=4 next_idx=3 phase='init' ops_idx=0
PEAK active=5 next_idx=4 phase='init' ops_idx=0
PEAK active=6 next_idx=5 phase='init' ops_idx=0
PEAK active=7 next_idx=6 phase='init' ops_idx=0
PEAK active=8 next_idx=7 phase='init' ops_idx=0
PEAK active=9 next_idx=8 phase='init' ops_idx=0
PEAK active=10 next_idx=9 phase='init' ops_idx=0
PEAK active=11 next_idx=10 phase='init' ops_idx=0
PEAK active=12 next_idx=11 phase='init' ops_idx=0
PEAK active=13 next_idx=12 phase='init' ops_idx=0
PEAK active=14 next_idx=13 phase='init' ops_idx=0
PEAK active=15 next_idx=14 phase='init' ops_idx=0
PEAK active=16 next_idx=15 phase='init' ops_idx=0
PEAK active=17 next_idx=16 phase='init' ops_idx=0
PEAK active=18 next_idx=17 phase='init' ops_idx=0
PEAK active=19 next_idx=18 phase='init' ops_idx=0
PEAK active=20 next_idx=19 phase='init' ops_idx=0
PEAK active=21 next_idx=20 phase='init' ops_idx=0
PEAK active=22 next_idx=21 phase='init' ops_idx=0
PEAK active=23 next_idx=22 phase='init' ops_idx=0
PEAK active=24 next_idx=23 phase='init' ops_idx=0
PEAK active=25 next_idx=24 phase='init' ops_idx=0
PEAK active=26 next_idx=25 phase='init' ops_idx=0
PEAK active=27 next_idx=26 phase='init' ops_idx=0
PEAK active=28 next_idx=27 phase='init' ops_idx=0
PEAK active=29 next_idx=28 phase='init' ops_idx=0
PEAK active=30 next_idx=29 phase='init' ops_idx=0
PEAK active=31 next_idx=30 phase='init' ops_idx=0
PEAK active=32 next_idx=31 phase='init' ops_idx=0
PEAK active=33 next_idx=32 phase='init' ops_idx=0
PEAK active=34 next_idx=33 phase='init' ops_idx=0
PEAK active=35 next_idx=34 phase='init' ops_idx=0
PEAK active=36 next_idx=35 phase='init' ops_idx=0
PEAK active=37 next_idx=36 phase='init' ops_idx=0
PEAK active=38 next_idx=37 phase='init' ops_idx=0
PEAK active=39 next_idx=38 phase='init' ops_idx=0
PEAK active=40 next_idx=39 phase='init' ops_idx=0
PEAK active=41 next_idx=40 phase='init' ops_idx=0
PEAK active=42 next_idx=41 phase='init' ops_idx=0
PEAK active=43 next_idx=42 phase='init' ops_idx=0
PEAK active=44 next_idx=43 phase='init' ops_idx=0
PEAK active=45 next_idx=44 phase='init' ops_idx=0
PEAK active=46 next_idx=45 phase='init' ops_idx=0
PEAK active=47 next_idx=46 phase='init' ops_idx=0
PEAK active=48 next_idx=47 phase='init' ops_idx=0
PEAK active=49 next_idx=48 phase='init' ops_idx=0
PEAK active=50 next_idx=49 phase='init' ops_idx=0
PEAK active=51 next_idx=50 phase='init' ops_idx=0
PEAK active=52 next_idx=51 phase='init' ops_idx=0
PEAK active=53 next_idx=52 phase='init' ops_idx=0
PEAK active=54 next_idx=53 phase='init' ops_idx=0
PEAK active=55 next_idx=54 phase='init' ops_idx=0
PEAK active=56 next_idx=55 phase='init' ops_idx=0
PEAK active=57 next_idx=56 phase='init' ops_idx=0
PEAK active=58 next_idx=57 phase='init' ops_idx=0
PEAK active=59 next_idx=58 phase='init' ops_idx=0
PEAK active=60 next_idx=59 phase='init' ops_idx=0
PEAK active=61 next_idx=60 phase='init' ops_idx=0
PEAK active=62 next_idx=61 phase='init' ops_idx=0
PEAK active=63 next_idx=62 phase='init' ops_idx=0
PEAK active=64 next_idx=63 phase='init' ops_idx=0
PEAK active=65 next_idx=64 phase='init' ops_idx=0
PEAK active=66 next_idx=65 phase='init' ops_idx=0
PEAK active=67 next_idx=66 phase='init' ops_idx=0
PEAK active=68 next_idx=67 phase='init' ops_idx=0
PEAK active=69 next_idx=68 phase='init' ops_idx=0
PEAK active=70 next_idx=69 phase='init' ops_idx=0
PEAK active=71 next_idx=70 phase='init' ops_idx=0
PEAK active=72 next_idx=71 phase='init' ops_idx=0
PEAK active=73 next_idx=72 phase='init' ops_idx=0
PEAK active=74 next_idx=73 phase='init' ops_idx=0
PEAK active=75 next_idx=74 phase='init' ops_idx=0
PEAK active=76 next_idx=75 phase='init' ops_idx=0
PEAK active=77 next_idx=76 phase='init' ops_idx=0
PEAK active=78 next_idx=77 phase='init' ops_idx=0
PEAK active=79 next_idx=78 phase='init' ops_idx=0
PEAK active=80 next_idx=79 phase='init' ops_idx=0
PEAK active=81 next_idx=80 phase='init' ops_idx=0
PEAK active=82 next_idx=81 phase='init' ops_idx=0
PEAK active=83 next_idx=82 phase='init' ops_idx=0
PEAK active=84 next_idx=83 phase='init' ops_idx=0
PEAK active=85 next_idx=84 phase='init' ops_idx=0
PEAK active=86 next_idx=85 phase='init' ops_idx=0
PEAK active=87 next_idx=86 phase='init' ops_idx=0
PEAK active=88 next_idx=87 phase='init' ops_idx=0
PEAK active=89 next_idx=88 phase='init' ops_idx=0
PEAK active=90 next_idx=89 phase='init' ops_idx=0
PEAK active=91 next_idx=90 phase='init' ops_idx=0
PEAK active=92 next_idx=91 phase='init' ops_idx=0
PEAK active=93 next_idx=92 phase='init' ops_idx=0
PEAK active=94 next_idx=93 phase='init' ops_idx=0
PEAK active=95 next_idx=94 phase='init' ops_idx=0
PEAK active=96 next_idx=95 phase='init' ops_idx=0
PEAK active=97 next_idx=96 phase='init' ops_idx=0
PEAK active=98 next_idx=97 phase='init' ops_idx=0
PEAK active=99 next_idx=98 phase='init' ops_idx=0
PEAK active=100 next_idx=99 phase='init' ops_idx=0
PEAK active=101 next_idx=100 phase='init' ops_idx=0
PEAK active=102 next_idx=101 phase='init' ops_idx=0
PEAK active=103 next_idx=102 phase='init' ops_idx=0
PEAK active=104 next_idx=103 phase='init' ops_idx=0
PEAK active=105 next_idx=104 phase='init' ops_idx=0
PEAK active=106 next_idx=105 phase='init' ops_idx=0
PEAK active=107 next_idx=106 phase='init' ops_idx=0
PEAK active=108 next_idx=107 phase='init' ops_idx=0
PEAK active=109 next_idx=108 phase='init' ops_idx=0
PEAK active=110 next_idx=109 phase='init' ops_idx=0
PEAK active=111 next_idx=110 phase='init' ops_idx=0
PEAK active=112 next_idx=111 phase='init' ops_idx=0
PEAK active=113 next_idx=112 phase='init' ops_idx=0
PEAK active=114 next_idx=113 phase='init' ops_idx=0
PEAK active=115 next_idx=114 phase='init' ops_idx=0
PEAK active=116 next_idx=115 phase='init' ops_idx=0
PEAK active=117 next_idx=116 phase='init' ops_idx=0
PEAK active=118 next_idx=117 phase='init' ops_idx=0
PEAK active=119 next_idx=118 phase='init' ops_idx=0
PEAK active=120 next_idx=119 phase='init' ops_idx=0
PEAK active=121 next_idx=120 phase='init' ops_idx=0
PEAK active=122 next_idx=121 phase='init' ops_idx=0
PEAK active=123 next_idx=122 phase='init' ops_idx=0
PEAK active=124 next_idx=123 phase='init' ops_idx=0
PEAK active=125 next_idx=124 phase='init' ops_idx=0
PEAK active=126 next_idx=125 phase='init' ops_idx=0
PEAK active=127 next_idx=126 phase='init' ops_idx=0
PEAK active=128 next_idx=127 phase='init' ops_idx=0
PEAK active=129 next_idx=128 phase='init' ops_idx=0
PEAK active=130 next_idx=129 phase='init' ops_idx=0
PEAK active=131 next_idx=130 phase='init' ops_idx=0
PEAK active=132 next_idx=131 phase='init' ops_idx=0
PEAK active=133 next_idx=132 phase='init' ops_idx=0
PEAK active=134 next_idx=133 phase='init' ops_idx=0
PEAK active=135 next_idx=134 phase='init' ops_idx=0
PEAK active=136 next_idx=135 phase='init' ops_idx=0
PEAK active=137 next_idx=136 phase='init' ops_idx=0
PEAK active=138 next_idx=137 phase='init' ops_idx=0
PEAK active=139 next_idx=138 phase='init' ops_idx=0
PEAK active=140 next_idx=139 phase='init' ops_idx=0
PEAK active=141 next_idx=140 phase='init' ops_idx=0
PEAK active=142 next_idx=141 phase='init' ops_idx=0
PEAK active=143 next_idx=142 phase='init' ops_idx=0
PEAK active=144 next_idx=143 phase='init' ops_idx=0
PEAK active=145 next_idx=144 phase='init' ops_idx=0
PEAK active=146 next_idx=145 phase='init' ops_idx=0
PEAK active=147 next_idx=146 phase='init' ops_idx=0
PEAK active=148 next_idx=147 phase='init' ops_idx=0
PEAK active=149 next_idx=148 phase='init' ops_idx=0
PEAK active=150 next_idx=149 phase='init' ops_idx=0
PEAK active=151 next_idx=150 phase='init' ops_idx=0
PEAK active=152 next_idx=151 phase='init' ops_idx=0
PEAK active=153 next_idx=152 phase='init' ops_idx=0
PEAK active=154 next_idx=153 phase='init' ops_idx=0
PEAK active=155 next_idx=154 phase='init' ops_idx=0
PEAK active=156 next_idx=155 phase='init' ops_idx=0
PEAK active=157 next_idx=156 phase='init' ops_idx=0
PEAK active=158 next_idx=157 phase='init' ops_idx=0
PEAK active=159 next_idx=158 phase='init' ops_idx=0
PEAK active=160 next_idx=159 phase='init' ops_idx=0
PEAK active=161 next_idx=160 phase='init' ops_idx=0
PEAK active=162 next_idx=161 phase='init' ops_idx=0
PEAK active=163 next_idx=162 phase='init' ops_idx=0
PEAK active=164 next_idx=163 phase='init' ops_idx=0
PEAK active=165 next_idx=164 phase='init' ops_idx=0
PEAK active=166 next_idx=165 phase='init' ops_idx=0
PEAK active=167 next_idx=166 phase='init' ops_idx=0
PEAK active=168 next_idx=167 phase='init' ops_idx=0
PEAK active=169 next_idx=168 phase='init' ops_idx=0
PEAK active=170 next_idx=169 phase='init' ops_idx=0
PEAK active=171 next_idx=170 phase='init' ops_idx=0
PEAK active=172 next_idx=171 phase='init' ops_idx=0
PEAK active=173 next_idx=172 phase='init' ops_idx=0
PEAK active=174 next_idx=173 phase='init' ops_idx=0
PEAK active=175 next_idx=174 phase='init' ops_idx=0
PEAK active=176 next_idx=175 phase='init' ops_idx=0
PEAK active=177 next_idx=176 phase='init' ops_idx=0
PEAK active=178 next_idx=177 phase='init' ops_idx=0
PEAK active=179 next_idx=178 phase='init' ops_idx=0
PEAK active=180 next_idx=179 phase='init' ops_idx=0
PEAK active=181 next_idx=180 phase='init' ops_idx=0
PEAK active=182 next_idx=181 phase='init' ops_idx=0
PEAK active=183 next_idx=182 phase='init' ops_idx=0
PEAK active=184 next_idx=183 phase='init' ops_idx=0
PEAK active=185 next_idx=184 phase='init' ops_idx=0
PEAK active=186 next_idx=185 phase='init' ops_idx=0
PEAK active=187 next_idx=186 phase='init' ops_idx=0
PEAK active=188 next_idx=187 phase='init' ops_idx=0
PEAK active=189 next_idx=188 phase='init' ops_idx=0
PEAK active=190 next_idx=189 phase='init' ops_idx=0
PEAK active=191 next_idx=190 phase='init' ops_idx=0
PEAK active=192 next_idx=191 phase='init' ops_idx=0
PEAK active=193 next_idx=192 phase='init' ops_idx=0
PEAK active=194 next_idx=193 phase='init' ops_idx=0
PEAK active=195 next_idx=194 phase='init' ops_idx=0
PEAK active=196 next_idx=195 phase='init' ops_idx=0
PEAK active=197 next_idx=196 phase='init' ops_idx=0
PEAK active=198 next_idx=197 phase='init' ops_idx=0
PEAK active=199 next_idx=198 phase='init' ops_idx=0
PEAK active=200 next_idx=199 phase='init' ops_idx=0
PEAK active=201 next_idx=200 phase='init' ops_idx=0
PEAK active=202 next_idx=201 phase='init' ops_idx=0
PEAK active=203 next_idx=202 phase='init' ops_idx=0
PEAK active=204 next_idx=203 phase='init' ops_idx=0
PEAK active=205 next_idx=204 phase='init' ops_idx=0
PEAK active=206 next_idx=205 phase='init' ops_idx=0
PEAK active=207 next_idx=206 phase='init' ops_idx=0
PEAK active=208 next_idx=207 phase='init' ops_idx=0
PEAK active=209 next_idx=208 phase='init' ops_idx=0
PEAK active=210 next_idx=209 phase='init' ops_idx=0
PEAK active=211 next_idx=210 phase='init' ops_idx=0
PEAK active=212 next_idx=211 phase='init' ops_idx=0
PEAK active=213 next_idx=212 phase='init' ops_idx=0
PEAK active=214 next_idx=213 phase='init' ops_idx=0
PEAK active=215 next_idx=214 phase='init' ops_idx=0
PEAK active=216 next_idx=215 phase='init' ops_idx=0
PEAK active=217 next_idx=216 phase='init' ops_idx=0
PEAK active=218 next_idx=217 phase='init' ops_idx=0
PEAK active=219 next_idx=218 phase='init' ops_idx=0
PEAK active=220 next_idx=219 phase='init' ops_idx=0
PEAK active=221 next_idx=220 phase='init' ops_idx=0
PEAK active=222 next_idx=221 phase='init' ops_idx=0
PEAK active=223 next_idx=222 phase='init' ops_idx=0
PEAK active=224 next_idx=223 phase='init' ops_idx=0
PEAK active=225 next_idx=224 phase='init' ops_idx=0
PEAK active=226 next_idx=225 phase='init' ops_idx=0
PEAK active=227 next_idx=226 phase='init' ops_idx=0
PEAK active=228 next_idx=227 phase='init' ops_idx=0
PEAK active=229 next_idx=228 phase='init' ops_idx=0
PEAK active=230 next_idx=229 phase='init' ops_idx=0
PEAK active=231 next_idx=230 phase='init' ops_idx=0
PEAK active=232 next_idx=231 phase='init' ops_idx=0
PEAK active=233 next_idx=232 phase='init' ops_idx=0
PEAK active=234 next_idx=233 phase='init' ops_idx=0
PEAK active=235 next_idx=234 phase='init' ops_idx=0
PEAK active=236 next_idx=235 phase='init' ops_idx=0
PEAK active=237 next_idx=236 phase='init' ops_idx=0
PEAK active=238 next_idx=237 phase='init' ops_idx=0
PEAK active=239 next_idx=238 phase='init' ops_idx=0
PEAK active=240 next_idx=239 phase='init' ops_idx=0
PEAK active=241 next_idx=240 phase='init' ops_idx=0
PEAK active=242 next_idx=241 phase='init' ops_idx=0
PEAK active=243 next_idx=242 phase='init' ops_idx=0
PEAK active=244 next_idx=243 phase='init' ops_idx=0
PEAK active=245 next_idx=244 phase='init' ops_idx=0
PEAK active=246 next_idx=245 phase='init' ops_idx=0
PEAK active=247 next_idx=246 phase='init' ops_idx=0
PEAK active=248 next_idx=247 phase='init' ops_idx=0
PEAK active=249 next_idx=248 phase='init' ops_idx=0
PEAK active=250 next_idx=249 phase='init' ops_idx=0
PEAK active=251 next_idx=250 phase='init' ops_idx=0
PEAK active=252 next_idx=251 phase='init' ops_idx=0
PEAK active=253 next_idx=252 phase='init' ops_idx=0
PEAK active=254 next_idx=253 phase='init' ops_idx=0
PEAK active=255 next_idx=254 phase='init' ops_idx=0
PEAK active=256 next_idx=255 phase='init' ops_idx=0
PEAK active=257 next_idx=256 phase='init' ops_idx=0
PEAK active=258 next_idx=257 phase='init' ops_idx=0
PEAK active=259 next_idx=258 phase='init' ops_idx=0
PEAK active=260 next_idx=259 phase='init' ops_idx=0
PEAK active=261 next_idx=260 phase='init' ops_idx=0
PEAK active=262 next_idx=261 phase='init' ops_idx=0
PEAK active=263 next_idx=262 phase='init' ops_idx=0
PEAK active=264 next_idx=263 phase='init' ops_idx=0
PEAK active=265 next_idx=264 phase='init' ops_idx=0
PEAK active=266 next_idx=265 phase='init' ops_idx=0
PEAK active=267 next_idx=266 phase='init' ops_idx=0
PEAK active=268 next_idx=267 phase='init' ops_idx=0
PEAK active=269 next_idx=268 phase='init' ops_idx=0
PEAK active=270 next_idx=269 phase='init' ops_idx=0
PEAK active=271 next_idx=270 phase='init' ops_idx=0
PEAK active=272 next_idx=271 phase='init' ops_idx=0
PEAK active=273 next_idx=272 phase='init' ops_idx=0
PEAK active=274 next_idx=273 phase='init' ops_idx=0
PEAK active=275 next_idx=274 phase='init' ops_idx=0
PEAK active=276 next_idx=275 phase='init' ops_idx=0
PEAK active=277 next_idx=276 phase='init' ops_idx=0
PEAK active=278 next_idx=277 phase='init' ops_idx=0
PEAK active=279 next_idx=278 phase='init' ops_idx=0
PEAK active=280 next_idx=279 phase='init' ops_idx=0
PEAK active=281 next_idx=280 phase='init' ops_idx=0
PEAK active=282 next_idx=281 phase='init' ops_idx=0
PEAK active=283 next_idx=282 phase='init' ops_idx=0
PEAK active=284 next_idx=283 phase='init' ops_idx=0
PEAK active=285 next_idx=284 phase='init' ops_idx=0
PEAK active=286 next_idx=285 phase='init' ops_idx=0
PEAK active=287 next_idx=286 phase='init' ops_idx=0
PEAK active=288 next_idx=287 phase='init' ops_idx=0
PEAK active=289 next_idx=288 phase='init' ops_idx=0
PEAK active=290 next_idx=289 phase='init' ops_idx=0
PEAK active=291 next_idx=290 phase='init' ops_idx=0
PEAK active=292 next_idx=291 phase='init' ops_idx=0
PEAK active=293 next_idx=292 phase='init' ops_idx=0
PEAK active=294 next_idx=293 phase='init' ops_idx=0
PEAK active=295 next_idx=294 phase='init' ops_idx=0
PEAK active=296 next_idx=295 phase='init' ops_idx=0
PEAK active=297 next_idx=296 phase='init' ops_idx=0
PEAK active=298 next_idx=297 phase='init' ops_idx=0
PEAK active=299 next_idx=298 phase='init' ops_idx=0
PEAK active=300 next_idx=299 phase='init' ops_idx=0
PEAK active=301 next_idx=300 phase='init' ops_idx=0
PEAK active=302 next_idx=301 phase='init' ops_idx=0
PEAK active=303 next_idx=302 phase='init' ops_idx=0
PEAK active=304 next_idx=303 phase='init' ops_idx=0
PEAK active=305 next_idx=304 phase='init' ops_idx=0
PEAK active=306 next_idx=305 phase='init' ops_idx=0
PEAK active=307 next_idx=306 phase='init' ops_idx=0
PEAK active=308 next_idx=307 phase='init' ops_idx=0
PEAK active=309 next_idx=308 phase='init' ops_idx=0
PEAK active=310 next_idx=309 phase='init' ops_idx=0
PEAK active=311 next_idx=310 phase='init' ops_idx=0
PEAK active=312 next_idx=311 phase='init' ops_idx=0
PEAK active=313 next_idx=312 phase='init' ops_idx=0
PEAK active=314 next_idx=313 phase='init' ops_idx=0
PEAK active=315 next_idx=314 phase='init' ops_idx=0
PEAK active=316 next_idx=315 phase='init' ops_idx=0
PEAK active=317 next_idx=316 phase='init' ops_idx=0
PEAK active=318 next_idx=317 phase='init' ops_idx=0
PEAK active=319 next_idx=318 phase='init' ops_idx=0
PEAK active=320 next_idx=319 phase='init' ops_idx=0
PEAK active=321 next_idx=320 phase='init' ops_idx=0
PEAK active=322 next_idx=321 phase='init' ops_idx=0
PEAK active=323 next_idx=322 phase='init' ops_idx=0
PEAK active=324 next_idx=323 phase='init' ops_idx=0
PEAK active=325 next_idx=324 phase='init' ops_idx=0
PEAK active=326 next_idx=325 phase='init' ops_idx=0
PEAK active=327 next_idx=326 phase='init' ops_idx=0
PEAK active=328 next_idx=327 phase='init' ops_idx=0
PEAK active=329 next_idx=328 phase='init' ops_idx=0
PEAK active=330 next_idx=329 phase='init' ops_idx=0
PEAK active=331 next_idx=330 phase='init' ops_idx=0
PEAK active=332 next_idx=331 phase='init' ops_idx=0
PEAK active=333 next_idx=332 phase='init' ops_idx=0
PEAK active=334 next_idx=333 phase='init' ops_idx=0
PEAK active=335 next_idx=334 phase='init' ops_idx=0
PEAK active=336 next_idx=335 phase='init' ops_idx=0
PEAK active=337 next_idx=336 phase='init' ops_idx=0
PEAK active=338 next_idx=337 phase='init' ops_idx=0
PEAK active=339 next_idx=338 phase='init' ops_idx=0
PEAK active=340 next_idx=339 phase='init' ops_idx=0
PEAK active=341 next_idx=340 phase='init' ops_idx=0
PEAK active=342 next_idx=341 phase='init' ops_idx=0
PEAK active=343 next_idx=342 phase='init' ops_idx=0
PEAK active=344 next_idx=343 phase='init' ops_idx=0
PEAK active=345 next_idx=344 phase='init' ops_idx=0
PEAK active=346 next_idx=345 phase='init' ops_idx=0
PEAK active=347 next_idx=346 phase='init' ops_idx=0
PEAK active=348 next_idx=347 phase='init' ops_idx=0
PEAK active=349 next_idx=348 phase='init' ops_idx=0
PEAK active=350 next_idx=349 phase='init' ops_idx=0
PEAK active=351 next_idx=350 phase='init' ops_idx=0
PEAK active=352 next_idx=351 phase='init' ops_idx=0
PEAK active=353 next_idx=352 phase='init' ops_idx=0
PEAK active=354 next_idx=353 phase='init' ops_idx=0
PEAK active=355 next_idx=354 phase='init' ops_idx=0
PEAK active=356 next_idx=355 phase='init' ops_idx=0
PEAK active=357 next_idx=356 phase='init' ops_idx=0
PEAK active=358 next_idx=357 phase='init' ops_idx=0
PEAK active=359 next_idx=358 phase='init' ops_idx=0
PEAK active=360 next_idx=359 phase='init' ops_idx=0
PEAK active=361 next_idx=360 phase='init' ops_idx=0
PEAK active=362 next_idx=361 phase='init' ops_idx=0
PEAK active=363 next_idx=362 phase='init' ops_idx=0
PEAK active=364 next_idx=363 phase='init' ops_idx=0
PEAK active=365 next_idx=364 phase='init' ops_idx=0
PEAK active=366 next_idx=365 phase='init' ops_idx=0
PEAK active=367 next_idx=366 phase='init' ops_idx=0
PEAK active=368 next_idx=367 phase='init' ops_idx=0
PEAK active=369 next_idx=368 phase='init' ops_idx=0
PEAK active=370 next_idx=369 phase='init' ops_idx=0
PEAK active=371 next_idx=370 phase='init' ops_idx=0
PEAK active=372 next_idx=371 phase='init' ops_idx=0
PEAK active=373 next_idx=372 phase='init' ops_idx=0
PEAK active=374 next_idx=373 phase='init' ops_idx=0
PEAK active=375 next_idx=374 phase='init' ops_idx=0
PEAK active=376 next_idx=375 phase='init' ops_idx=0
PEAK active=377 next_idx=376 phase='init' ops_idx=0
PEAK active=378 next_idx=377 phase='init' ops_idx=0
PEAK active=379 next_idx=378 phase='init' ops_idx=0
PEAK active=380 next_idx=379 phase='init' ops_idx=0
PEAK active=381 next_idx=380 phase='init' ops_idx=0
PEAK active=382 next_idx=381 phase='init' ops_idx=0
PEAK active=383 next_idx=382 phase='init' ops_idx=0
PEAK active=384 next_idx=383 phase='init' ops_idx=0
PEAK active=385 next_idx=384 phase='init' ops_idx=0
PEAK active=386 next_idx=385 phase='init' ops_idx=0
PEAK active=387 next_idx=386 phase='init' ops_idx=0
PEAK active=388 next_idx=387 phase='init' ops_idx=0
PEAK active=389 next_idx=388 phase='init' ops_idx=0
PEAK active=390 next_idx=389 phase='init' ops_idx=0
PEAK active=391 next_idx=390 phase='init' ops_idx=0
PEAK active=392 next_idx=391 phase='init' ops_idx=0
PEAK active=393 next_idx=392 phase='init' ops_idx=0
PEAK active=394 next_idx=393 phase='init' ops_idx=0
PEAK active=395 next_idx=394 phase='init' ops_idx=0
PEAK active=396 next_idx=395 phase='init' ops_idx=0
PEAK active=397 next_idx=396 phase='init' ops_idx=0
PEAK active=398 next_idx=397 phase='init' ops_idx=0
PEAK active=399 next_idx=398 phase='init' ops_idx=0
PEAK active=400 next_idx=399 phase='init' ops_idx=0
PEAK active=401 next_idx=400 phase='init' ops_idx=0
PEAK active=402 next_idx=401 phase='init' ops_idx=0
PEAK active=403 next_idx=402 phase='init' ops_idx=0
PEAK active=404 next_idx=403 phase='init' ops_idx=0
PEAK active=405 next_idx=404 phase='init' ops_idx=0
PEAK active=406 next_idx=405 phase='init' ops_idx=0
PEAK active=407 next_idx=406 phase='init' ops_idx=0
PEAK active=408 next_idx=407 phase='init' ops_idx=0
PEAK active=409 next_idx=408 phase='init' ops_idx=0
PEAK active=410 next_idx=409 phase='init' ops_idx=0
PEAK active=411 next_idx=410 phase='init' ops_idx=0
PEAK active=412 next_idx=411 phase='init' ops_idx=0
PEAK active=413 next_idx=412 phase='init' ops_idx=0
PEAK active=414 next_idx=413 phase='init' ops_idx=0
PEAK active=415 next_idx=414 phase='init' ops_idx=0
PEAK active=416 next_idx=415 phase='init' ops_idx=0
PEAK active=417 next_idx=416 phase='init' ops_idx=0
PEAK active=418 next_idx=417 phase='init' ops_idx=0
PEAK active=419 next_idx=418 phase='init' ops_idx=0
PEAK active=420 next_idx=419 phase='init' ops_idx=0
PEAK active=421 next_idx=420 phase='init' ops_idx=0
PEAK active=422 next_idx=421 phase='init' ops_idx=0
PEAK active=423 next_idx=422 phase='init' ops_idx=0
PEAK active=424 next_idx=423 phase='init' ops_idx=0
PEAK active=425 next_idx=424 phase='init' ops_idx=0
PEAK active=426 next_idx=425 phase='init' ops_idx=0
PEAK active=427 next_idx=426 phase='init' ops_idx=0
PEAK active=428 next_idx=427 phase='init' ops_idx=0
PEAK active=429 next_idx=428 phase='init' ops_idx=0
PEAK active=430 next_idx=429 phase='init' ops_idx=0
PEAK active=431 next_idx=430 phase='init' ops_idx=0
PEAK active=432 next_idx=431 phase='init' ops_idx=0
PEAK active=433 next_idx=432 phase='init' ops_idx=0
PEAK active=434 next_idx=433 phase='init' ops_idx=0
PEAK active=435 next_idx=434 phase='init' ops_idx=0
PEAK active=436 next_idx=435 phase='init' ops_idx=0
PEAK active=437 next_idx=436 phase='init' ops_idx=0
PEAK active=438 next_idx=437 phase='init' ops_idx=0
PEAK active=439 next_idx=438 phase='init' ops_idx=0
PEAK active=440 next_idx=439 phase='init' ops_idx=0
PEAK active=441 next_idx=440 phase='init' ops_idx=0
PEAK active=442 next_idx=441 phase='init' ops_idx=0
PEAK active=443 next_idx=442 phase='init' ops_idx=0
PEAK active=444 next_idx=443 phase='init' ops_idx=0
PEAK active=445 next_idx=444 phase='init' ops_idx=0
PEAK active=446 next_idx=445 phase='init' ops_idx=0
PEAK active=447 next_idx=446 phase='init' ops_idx=0
PEAK active=448 next_idx=447 phase='init' ops_idx=0
PEAK active=449 next_idx=448 phase='init' ops_idx=0
PEAK active=450 next_idx=449 phase='init' ops_idx=0
PEAK active=451 next_idx=450 phase='init' ops_idx=0
PEAK active=452 next_idx=451 phase='init' ops_idx=0
PEAK active=453 next_idx=452 phase='init' ops_idx=0
PEAK active=454 next_idx=453 phase='init' ops_idx=0
PEAK active=455 next_idx=454 phase='init' ops_idx=0
PEAK active=456 next_idx=455 phase='init' ops_idx=0
PEAK active=457 next_idx=456 phase='init' ops_idx=0
PEAK active=458 next_idx=457 phase='init' ops_idx=0
PEAK active=459 next_idx=458 phase='init' ops_idx=0
PEAK active=460 next_idx=459 phase='init' ops_idx=0
PEAK active=461 next_idx=460 phase='init' ops_idx=0
PEAK active=462 next_idx=461 phase='init' ops_idx=0
PEAK active=463 next_idx=462 phase='init' ops_idx=0
PEAK active=464 next_idx=463 phase='init' ops_idx=0
PEAK active=465 next_idx=464 phase='init' ops_idx=0
PEAK active=466 next_idx=465 phase='init' ops_idx=0
PEAK active=467 next_idx=466 phase='init' ops_idx=0
PEAK active=468 next_idx=467 phase='init' ops_idx=0
PEAK active=469 next_idx=468 phase='init' ops_idx=0
PEAK active=470 next_idx=469 phase='init' ops_idx=0
PEAK active=471 next_idx=470 phase='init' ops_idx=0
PEAK active=472 next_idx=471 phase='init' ops_idx=0
PEAK active=473 next_idx=472 phase='init' ops_idx=0
PEAK active=474 next_idx=473 phase='init' ops_idx=0
PEAK active=475 next_idx=474 phase='init' ops_idx=0
PEAK active=476 next_idx=475 phase='init' ops_idx=0
PEAK active=477 next_idx=476 phase='init' ops_idx=0
PEAK active=478 next_idx=477 phase='init' ops_idx=0
PEAK active=479 next_idx=478 phase='init' ops_idx=0
PEAK active=480 next_idx=479 phase='init' ops_idx=0
PEAK active=481 next_idx=480 phase='init' ops_idx=0
PEAK active=482 next_idx=481 phase='init' ops_idx=0
PEAK active=483 next_idx=482 phase='init' ops_idx=0
PEAK active=484 next_idx=483 phase='init' ops_idx=0
PEAK active=485 next_idx=484 phase='init' ops_idx=0
PEAK active=486 next_idx=485 phase='init' ops_idx=0
PEAK active=487 next_idx=486 phase='init' ops_idx=0
PEAK active=488 next_idx=487 phase='init' ops_idx=0
PEAK active=489 next_idx=488 phase='init' ops_idx=0
PEAK active=490 next_idx=489 phase='init' ops_idx=0
PEAK active=491 next_idx=490 phase='init' ops_idx=0
PEAK active=492 next_idx=491 phase='init' ops_idx=0
PEAK active=493 next_idx=492 phase='init' ops_idx=0
PEAK active=494 next_idx=493 phase='init' ops_idx=0
PEAK active=495 next_idx=494 phase='init' ops_idx=0
PEAK active=496 next_idx=495 phase='init' ops_idx=0
PEAK active=497 next_idx=496 phase='init' ops_idx=0
PEAK active=498 next_idx=497 phase='init' ops_idx=0
PEAK active=499 next_idx=498 phase='init' ops_idx=0
PEAK active=500 next_idx=499 phase='init' ops_idx=0
PEAK active=501 next_idx=500 phase='init' ops_idx=0
PEAK active=502 next_idx=501 phase='init' ops_idx=0
PEAK active=503 next_idx=502 phase='init' ops_idx=0
PEAK active=504 next_idx=503 phase='init' ops_idx=0
PEAK active=505 next_idx=504 phase='init' ops_idx=0
PEAK active=506 next_idx=505 phase='init' ops_idx=0
PEAK active=507 next_idx=506 phase='init' ops_idx=0
PEAK active=508 next_idx=507 phase='init' ops_idx=0
PEAK active=509 next_idx=508 phase='init' ops_idx=0
PEAK active=510 next_idx=509 phase='init' ops_idx=0
PEAK active=511 next_idx=510 phase='init' ops_idx=0
PEAK active=512 next_idx=511 phase='init' ops_idx=0
PEAK active=513 next_idx=512 phase='tlm_coord_x_sub' ops_idx=0
PEAK active=514 next_idx=513 phase='tlm_coord_x_sub' ops_idx=0
PEAK active=515 next_idx=514 phase='tlm_coord_x_sub' ops_idx=0
PEAK active=516 next_idx=515 phase='tlm_coord_x_sub' ops_idx=0
PEAK active=517 next_idx=516 phase='tlm_coord_x_sub' ops_idx=0
PEAK active=518 next_idx=517 phase='tlm_coord_x_sub' ops_idx=0
PEAK active=519 next_idx=518 phase='tlm_coord_x_sub' ops_idx=0
PEAK active=520 next_idx=519 phase='tlm_coord_x_sub' ops_idx=0
PEAK active=521 next_idx=520 phase='tlm_coord_x_sub' ops_idx=0
PEAK active=522 next_idx=521 phase='tlm_coord_x_sub' ops_idx=0
PEAK active=523 next_idx=522 phase='tlm_coord_x_sub' ops_idx=0
PEAK active=524 next_idx=523 phase='tlm_coord_x_sub' ops_idx=0
PEAK active=525 next_idx=524 phase='tlm_coord_x_sub' ops_idx=0
PEAK active=526 next_idx=525 phase='tlm_coord_x_sub' ops_idx=0
PEAK active=527 next_idx=526 phase='tlm_coord_x_sub' ops_idx=0
PEAK active=528 next_idx=527 phase='tlm_coord_x_sub' ops_idx=0
PEAK active=529 next_idx=528 phase='tlm_coord_x_sub' ops_idx=0
PEAK active=530 next_idx=529 phase='tlm_coord_x_sub' ops_idx=0
PEAK active=531 next_idx=530 phase='tlm_coord_x_sub' ops_idx=0
PEAK active=532 next_idx=531 phase='tlm_coord_x_sub' ops_idx=0
PEAK active=533 next_idx=532 phase='tlm_coord_x_sub' ops_idx=0
PEAK active=534 next_idx=533 phase='tlm_coord_x_sub' ops_idx=0
PEAK active=535 next_idx=534 phase='tlm_coord_x_sub' ops_idx=0
PEAK active=536 next_idx=535 phase='tlm_coord_x_sub' ops_idx=0
PEAK active=537 next_idx=536 phase='tlm_coord_x_sub' ops_idx=0
PEAK active=538 next_idx=537 phase='tlm_coord_x_sub' ops_idx=0
PEAK active=539 next_idx=538 phase='tlm_coord_x_sub' ops_idx=0
PEAK active=540 next_idx=539 phase='tlm_coord_x_sub' ops_idx=0
PEAK active=541 next_idx=540 phase='tlm_coord_x_sub' ops_idx=0
PEAK active=542 next_idx=541 phase='tlm_coord_x_sub' ops_idx=0
PEAK active=543 next_idx=542 phase='tlm_coord_x_sub' ops_idx=0
PEAK active=544 next_idx=543 phase='tlm_coord_x_sub' ops_idx=0
PEAK active=545 next_idx=544 phase='tlm_coord_x_sub' ops_idx=0
PEAK active=546 next_idx=545 phase='tlm_coord_x_sub' ops_idx=0
PEAK active=547 next_idx=546 phase='tlm_coord_x_sub' ops_idx=0
PEAK active=548 next_idx=547 phase='tlm_coord_x_sub' ops_idx=0
PEAK active=549 next_idx=548 phase='tlm_coord_x_sub' ops_idx=0
PEAK active=550 next_idx=549 phase='tlm_coord_x_sub' ops_idx=0
PEAK active=551 next_idx=550 phase='tlm_coord_x_sub' ops_idx=0
PEAK active=552 next_idx=551 phase='tlm_coord_x_sub' ops_idx=0
PEAK active=553 next_idx=552 phase='tlm_coord_x_sub' ops_idx=0
PEAK active=554 next_idx=553 phase='tlm_coord_x_sub' ops_idx=0
PEAK active=555 next_idx=554 phase='tlm_coord_x_sub' ops_idx=0
PEAK active=556 next_idx=555 phase='tlm_coord_x_sub' ops_idx=0
PEAK active=557 next_idx=556 phase='tlm_coord_x_sub' ops_idx=0
PEAK active=558 next_idx=557 phase='tlm_coord_x_sub' ops_idx=0
PEAK active=559 next_idx=558 phase='tlm_coord_x_sub' ops_idx=0
PEAK active=560 next_idx=559 phase='tlm_coord_x_sub' ops_idx=0
PEAK active=561 next_idx=560 phase='tlm_coord_x_sub' ops_idx=0
PEAK active=562 next_idx=561 phase='tlm_coord_x_sub' ops_idx=0
PEAK active=563 next_idx=562 phase='tlm_coord_x_sub' ops_idx=0
PEAK active=564 next_idx=563 phase='tlm_coord_x_sub' ops_idx=0
PEAK active=565 next_idx=564 phase='tlm_coord_x_sub' ops_idx=0
PEAK active=566 next_idx=565 phase='tlm_coord_x_sub' ops_idx=0
PEAK active=567 next_idx=566 phase='tlm_coord_x_sub' ops_idx=0
PEAK active=568 next_idx=567 phase='tlm_coord_x_sub' ops_idx=0
PEAK active=569 next_idx=568 phase='tlm_coord_x_sub' ops_idx=0
PEAK active=570 next_idx=569 phase='tlm_coord_x_sub' ops_idx=0
PEAK active=571 next_idx=570 phase='tlm_coord_x_sub' ops_idx=0
PEAK active=572 next_idx=571 phase='tlm_coord_x_sub' ops_idx=0
PEAK active=573 next_idx=572 phase='tlm_coord_x_sub' ops_idx=0
PEAK active=574 next_idx=573 phase='tlm_coord_x_sub' ops_idx=0
PEAK active=575 next_idx=574 phase='tlm_coord_x_sub' ops_idx=0
PEAK active=576 next_idx=575 phase='tlm_coord_x_sub' ops_idx=0
PEAK active=577 next_idx=576 phase='tlm_coord_x_sub' ops_idx=0
PEAK active=578 next_idx=577 phase='tlm_coord_x_sub' ops_idx=0
PEAK active=579 next_idx=578 phase='tlm_coord_x_sub' ops_idx=0
PEAK active=580 next_idx=579 phase='tlm_coord_x_sub' ops_idx=0
PEAK active=581 next_idx=580 phase='tlm_coord_x_sub' ops_idx=0
PEAK active=582 next_idx=581 phase='tlm_coord_x_sub' ops_idx=0
PEAK active=583 next_idx=582 phase='tlm_coord_x_sub' ops_idx=0
PEAK active=584 next_idx=583 phase='tlm_coord_x_sub' ops_idx=0
PEAK active=585 next_idx=584 phase='tlm_coord_x_sub' ops_idx=0
PEAK active=586 next_idx=585 phase='tlm_coord_x_sub' ops_idx=0
PEAK active=587 next_idx=586 phase='tlm_coord_x_sub' ops_idx=0
PEAK active=588 next_idx=587 phase='tlm_coord_x_sub' ops_idx=0
PEAK active=589 next_idx=588 phase='tlm_coord_x_sub' ops_idx=0
PEAK active=590 next_idx=589 phase='tlm_coord_x_sub' ops_idx=0
PEAK active=591 next_idx=590 phase='tlm_coord_x_sub' ops_idx=0
PEAK active=592 next_idx=591 phase='tlm_coord_x_sub' ops_idx=0
PEAK active=593 next_idx=592 phase='tlm_coord_x_sub' ops_idx=0
PEAK active=594 next_idx=593 phase='tlm_coord_x_sub' ops_idx=0
PEAK active=595 next_idx=594 phase='tlm_coord_x_sub' ops_idx=0
PEAK active=596 next_idx=595 phase='tlm_coord_x_sub' ops_idx=0
PEAK active=597 next_idx=596 phase='tlm_coord_x_sub' ops_idx=0
PEAK active=598 next_idx=597 phase='tlm_coord_x_sub' ops_idx=0
PEAK active=599 next_idx=598 phase='tlm_coord_x_sub' ops_idx=0
PEAK active=600 next_idx=599 phase='tlm_coord_x_sub' ops_idx=0
PEAK active=601 next_idx=600 phase='tlm_coord_x_sub' ops_idx=0
PEAK active=602 next_idx=601 phase='tlm_coord_x_sub' ops_idx=0
PEAK active=603 next_idx=602 phase='tlm_coord_x_sub' ops_idx=0
PEAK active=604 next_idx=603 phase='tlm_coord_x_sub' ops_idx=0
PEAK active=605 next_idx=604 phase='tlm_coord_x_sub' ops_idx=0
PEAK active=606 next_idx=605 phase='tlm_coord_x_sub' ops_idx=0
PEAK active=607 next_idx=606 phase='tlm_coord_x_sub' ops_idx=0
PEAK active=608 next_idx=607 phase='tlm_coord_x_sub' ops_idx=0
PEAK active=609 next_idx=608 phase='tlm_coord_x_sub' ops_idx=0
PEAK active=610 next_idx=609 phase='tlm_coord_x_sub' ops_idx=0
PEAK active=611 next_idx=610 phase='tlm_coord_x_sub' ops_idx=0
PEAK active=612 next_idx=611 phase='tlm_coord_x_sub' ops_idx=0
PEAK active=613 next_idx=612 phase='tlm_coord_x_sub' ops_idx=0
PEAK active=614 next_idx=613 phase='tlm_coord_x_sub' ops_idx=0
PEAK active=615 next_idx=614 phase='tlm_coord_x_sub' ops_idx=0
PEAK active=616 next_idx=615 phase='tlm_coord_x_sub' ops_idx=0
PEAK active=617 next_idx=616 phase='tlm_coord_x_sub' ops_idx=0
PEAK active=618 next_idx=617 phase='tlm_coord_x_sub' ops_idx=0
PEAK active=619 next_idx=618 phase='tlm_coord_x_sub' ops_idx=0
PEAK active=620 next_idx=619 phase='tlm_coord_x_sub' ops_idx=0
PEAK active=621 next_idx=620 phase='tlm_coord_x_sub' ops_idx=0
PEAK active=622 next_idx=621 phase='tlm_coord_x_sub' ops_idx=0
PEAK active=623 next_idx=622 phase='tlm_coord_x_sub' ops_idx=0
PEAK active=624 next_idx=623 phase='tlm_coord_x_sub' ops_idx=0
PEAK active=625 next_idx=624 phase='tlm_coord_x_sub' ops_idx=0
PEAK active=626 next_idx=625 phase='tlm_coord_x_sub' ops_idx=0
PEAK active=627 next_idx=626 phase='tlm_coord_x_sub' ops_idx=0
PEAK active=628 next_idx=627 phase='tlm_coord_x_sub' ops_idx=0
PEAK active=629 next_idx=628 phase='tlm_coord_x_sub' ops_idx=0
PEAK active=630 next_idx=629 phase='tlm_coord_x_sub' ops_idx=0
PEAK active=631 next_idx=630 phase='tlm_coord_x_sub' ops_idx=0
PEAK active=632 next_idx=631 phase='tlm_coord_x_sub' ops_idx=0
PEAK active=633 next_idx=632 phase='tlm_coord_x_sub' ops_idx=0
PEAK active=634 next_idx=633 phase='tlm_coord_x_sub' ops_idx=0
PEAK active=635 next_idx=634 phase='tlm_coord_x_sub' ops_idx=0
PEAK active=636 next_idx=635 phase='tlm_coord_x_sub' ops_idx=0
PEAK active=637 next_idx=636 phase='tlm_coord_x_sub' ops_idx=0
PEAK active=638 next_idx=637 phase='tlm_coord_x_sub' ops_idx=0
PEAK active=639 next_idx=638 phase='tlm_coord_x_sub' ops_idx=0
PEAK active=640 next_idx=639 phase='tlm_coord_x_sub' ops_idx=0
PEAK active=641 next_idx=640 phase='tlm_coord_x_sub' ops_idx=0
PEAK active=642 next_idx=641 phase='tlm_coord_x_sub' ops_idx=0
PEAK active=643 next_idx=642 phase='tlm_coord_x_sub' ops_idx=0
PEAK active=644 next_idx=643 phase='tlm_coord_x_sub' ops_idx=0
PEAK active=645 next_idx=644 phase='tlm_coord_x_sub' ops_idx=0
PEAK active=646 next_idx=645 phase='tlm_coord_x_sub' ops_idx=0
PEAK active=647 next_idx=646 phase='tlm_coord_x_sub' ops_idx=0
PEAK active=648 next_idx=647 phase='tlm_coord_x_sub' ops_idx=0
PEAK active=649 next_idx=648 phase='tlm_coord_x_sub' ops_idx=0
PEAK active=650 next_idx=649 phase='tlm_coord_x_sub' ops_idx=0
PEAK active=651 next_idx=650 phase='tlm_coord_x_sub' ops_idx=0
PEAK active=652 next_idx=651 phase='tlm_coord_x_sub' ops_idx=0
PEAK active=653 next_idx=652 phase='tlm_coord_x_sub' ops_idx=0
PEAK active=654 next_idx=653 phase='tlm_coord_x_sub' ops_idx=0
PEAK active=655 next_idx=654 phase='tlm_coord_x_sub' ops_idx=0
PEAK active=656 next_idx=655 phase='tlm_coord_x_sub' ops_idx=0
PEAK active=657 next_idx=656 phase='tlm_coord_x_sub' ops_idx=0
PEAK active=658 next_idx=657 phase='tlm_coord_x_sub' ops_idx=0
PEAK active=659 next_idx=658 phase='tlm_coord_x_sub' ops_idx=0
PEAK active=660 next_idx=659 phase='tlm_coord_x_sub' ops_idx=0
PEAK active=661 next_idx=660 phase='tlm_coord_x_sub' ops_idx=0
PEAK active=662 next_idx=661 phase='tlm_coord_x_sub' ops_idx=0
PEAK active=663 next_idx=662 phase='tlm_coord_x_sub' ops_idx=0
PEAK active=664 next_idx=663 phase='tlm_coord_x_sub' ops_idx=0
PEAK active=665 next_idx=664 phase='tlm_coord_x_sub' ops_idx=0
PEAK active=666 next_idx=665 phase='tlm_coord_x_sub' ops_idx=0
PEAK active=667 next_idx=666 phase='tlm_coord_x_sub' ops_idx=0
PEAK active=668 next_idx=667 phase='tlm_coord_x_sub' ops_idx=0
PEAK active=669 next_idx=668 phase='tlm_coord_x_sub' ops_idx=0
PEAK active=670 next_idx=669 phase='tlm_coord_x_sub' ops_idx=0
PEAK active=671 next_idx=670 phase='tlm_coord_x_sub' ops_idx=0
PEAK active=672 next_idx=671 phase='tlm_coord_x_sub' ops_idx=0
PEAK active=673 next_idx=672 phase='tlm_coord_x_sub' ops_idx=0
PEAK active=674 next_idx=673 phase='tlm_coord_x_sub' ops_idx=0
PEAK active=675 next_idx=674 phase='tlm_coord_x_sub' ops_idx=0
PEAK active=676 next_idx=675 phase='tlm_coord_x_sub' ops_idx=0
PEAK active=677 next_idx=676 phase='tlm_coord_x_sub' ops_idx=0
PEAK active=678 next_idx=677 phase='tlm_coord_x_sub' ops_idx=0
PEAK active=679 next_idx=678 phase='tlm_coord_x_sub' ops_idx=0
PEAK active=680 next_idx=679 phase='tlm_coord_x_sub' ops_idx=0
PEAK active=681 next_idx=680 phase='tlm_coord_x_sub' ops_idx=0
PEAK active=682 next_idx=681 phase='tlm_coord_x_sub' ops_idx=0
PEAK active=683 next_idx=682 phase='tlm_coord_x_sub' ops_idx=0
PEAK active=684 next_idx=683 phase='tlm_coord_x_sub' ops_idx=0
PEAK active=685 next_idx=684 phase='tlm_coord_x_sub' ops_idx=0
PEAK active=686 next_idx=685 phase='tlm_coord_x_sub' ops_idx=0
PEAK active=687 next_idx=686 phase='tlm_coord_x_sub' ops_idx=0
PEAK active=688 next_idx=687 phase='tlm_coord_x_sub' ops_idx=0
PEAK active=689 next_idx=688 phase='tlm_coord_x_sub' ops_idx=0
PEAK active=690 next_idx=689 phase='tlm_coord_x_sub' ops_idx=0
PEAK active=691 next_idx=690 phase='tlm_coord_x_sub' ops_idx=0
PEAK active=692 next_idx=691 phase='tlm_coord_x_sub' ops_idx=0
PEAK active=693 next_idx=692 phase='tlm_coord_x_sub' ops_idx=0
PEAK active=694 next_idx=693 phase='tlm_coord_x_sub' ops_idx=0
PEAK active=695 next_idx=694 phase='tlm_coord_x_sub' ops_idx=0
PEAK active=696 next_idx=695 phase='tlm_coord_x_sub' ops_idx=0
PEAK active=697 next_idx=696 phase='tlm_coord_x_sub' ops_idx=0
PEAK active=698 next_idx=697 phase='tlm_coord_x_sub' ops_idx=0
PEAK active=699 next_idx=698 phase='tlm_coord_x_sub' ops_idx=0
PEAK active=700 next_idx=699 phase='tlm_coord_x_sub' ops_idx=0
PEAK active=701 next_idx=700 phase='tlm_coord_x_sub' ops_idx=0
PEAK active=702 next_idx=701 phase='tlm_coord_x_sub' ops_idx=0
PEAK active=703 next_idx=702 phase='tlm_coord_x_sub' ops_idx=0
PEAK active=704 next_idx=703 phase='tlm_coord_x_sub' ops_idx=0
PEAK active=705 next_idx=704 phase='tlm_coord_x_sub' ops_idx=0
PEAK active=706 next_idx=705 phase='tlm_coord_x_sub' ops_idx=0
PEAK active=707 next_idx=706 phase='tlm_coord_x_sub' ops_idx=0
PEAK active=708 next_idx=707 phase='tlm_coord_x_sub' ops_idx=0
PEAK active=709 next_idx=708 phase='tlm_coord_x_sub' ops_idx=0
PEAK active=710 next_idx=709 phase='tlm_coord_x_sub' ops_idx=0
PEAK active=711 next_idx=710 phase='tlm_coord_x_sub' ops_idx=0
PEAK active=712 next_idx=711 phase='tlm_coord_x_sub' ops_idx=0
PEAK active=713 next_idx=712 phase='tlm_coord_x_sub' ops_idx=0
PEAK active=714 next_idx=713 phase='tlm_coord_x_sub' ops_idx=0
PEAK active=715 next_idx=714 phase='tlm_coord_x_sub' ops_idx=0
PEAK active=716 next_idx=715 phase='tlm_coord_x_sub' ops_idx=0
PEAK active=717 next_idx=716 phase='tlm_coord_x_sub' ops_idx=0
PEAK active=718 next_idx=717 phase='tlm_coord_x_sub' ops_idx=0
PEAK active=719 next_idx=718 phase='tlm_coord_x_sub' ops_idx=0
PEAK active=720 next_idx=719 phase='tlm_coord_x_sub' ops_idx=0
PEAK active=721 next_idx=720 phase='tlm_coord_x_sub' ops_idx=0
PEAK active=722 next_idx=721 phase='tlm_coord_x_sub' ops_idx=0
PEAK active=723 next_idx=722 phase='tlm_coord_x_sub' ops_idx=0
PEAK active=724 next_idx=723 phase='tlm_coord_x_sub' ops_idx=0
PEAK active=725 next_idx=724 phase='tlm_coord_x_sub' ops_idx=0
PEAK active=726 next_idx=725 phase='tlm_coord_x_sub' ops_idx=0
PEAK active=727 next_idx=726 phase='tlm_coord_x_sub' ops_idx=0
PEAK active=728 next_idx=727 phase='tlm_coord_x_sub' ops_idx=0
PEAK active=729 next_idx=728 phase='tlm_coord_x_sub' ops_idx=0
PEAK active=730 next_idx=729 phase='tlm_coord_x_sub' ops_idx=0
PEAK active=731 next_idx=730 phase='tlm_coord_x_sub' ops_idx=0
PEAK active=732 next_idx=731 phase='tlm_coord_x_sub' ops_idx=0
PEAK active=733 next_idx=732 phase='tlm_coord_x_sub' ops_idx=0
PEAK active=734 next_idx=733 phase='tlm_coord_x_sub' ops_idx=0
PEAK active=735 next_idx=734 phase='tlm_coord_x_sub' ops_idx=0
PEAK active=736 next_idx=735 phase='tlm_coord_x_sub' ops_idx=0
PEAK active=737 next_idx=736 phase='tlm_coord_x_sub' ops_idx=0
PEAK active=738 next_idx=737 phase='tlm_coord_x_sub' ops_idx=0
PEAK active=739 next_idx=738 phase='tlm_coord_x_sub' ops_idx=0
PEAK active=740 next_idx=739 phase='tlm_coord_x_sub' ops_idx=0
PEAK active=741 next_idx=740 phase='tlm_coord_x_sub' ops_idx=0
PEAK active=742 next_idx=741 phase='tlm_coord_x_sub' ops_idx=0
PEAK active=743 next_idx=742 phase='tlm_coord_x_sub' ops_idx=0
PEAK active=744 next_idx=743 phase='tlm_coord_x_sub' ops_idx=0
PEAK active=745 next_idx=744 phase='tlm_coord_x_sub' ops_idx=0
PEAK active=746 next_idx=745 phase='tlm_coord_x_sub' ops_idx=0
PEAK active=747 next_idx=746 phase='tlm_coord_x_sub' ops_idx=0
PEAK active=748 next_idx=747 phase='tlm_coord_x_sub' ops_idx=0
PEAK active=749 next_idx=748 phase='tlm_coord_x_sub' ops_idx=0
PEAK active=750 next_idx=749 phase='tlm_coord_x_sub' ops_idx=0
PEAK active=751 next_idx=750 phase='tlm_coord_x_sub' ops_idx=0
PEAK active=752 next_idx=751 phase='tlm_coord_x_sub' ops_idx=0
PEAK active=753 next_idx=752 phase='tlm_coord_x_sub' ops_idx=0
PEAK active=754 next_idx=753 phase='tlm_coord_x_sub' ops_idx=0
PEAK active=755 next_idx=754 phase='tlm_coord_x_sub' ops_idx=0
PEAK active=756 next_idx=755 phase='tlm_coord_x_sub' ops_idx=0
PEAK active=757 next_idx=756 phase='tlm_coord_x_sub' ops_idx=0
PEAK active=758 next_idx=757 phase='tlm_coord_x_sub' ops_idx=0
PEAK active=759 next_idx=758 phase='tlm_coord_x_sub' ops_idx=0
PEAK active=760 next_idx=759 phase='tlm_coord_x_sub' ops_idx=0
PEAK active=761 next_idx=760 phase='tlm_coord_x_sub' ops_idx=0
PEAK active=762 next_idx=761 phase='tlm_coord_x_sub' ops_idx=0
PEAK active=763 next_idx=762 phase='tlm_coord_x_sub' ops_idx=0
PEAK active=764 next_idx=763 phase='tlm_coord_x_sub' ops_idx=0
PEAK active=765 next_idx=764 phase='tlm_coord_x_sub' ops_idx=0
PEAK active=766 next_idx=765 phase='tlm_coord_x_sub' ops_idx=0
PEAK active=767 next_idx=766 phase='tlm_coord_x_sub' ops_idx=0
PEAK active=768 next_idx=767 phase='tlm_coord_x_sub' ops_idx=0
PEAK active=769 next_idx=768 phase='tlm_coord_x_sub' ops_idx=768
PEAK active=770 next_idx=769 phase='tlm_coord_x_sub' ops_idx=1024
PEAK active=771 next_idx=770 phase='tlm_coord_x_sub' ops_idx=1535
PEAK active=772 next_idx=771 phase='tlm_coord_x_sub' ops_idx=1537
PEAK active=773 next_idx=772 phase='tlm_coord_x_sub' ops_idx=1539
PEAK active=774 next_idx=773 phase='tlm_coord_x_sub' ops_idx=1541
PEAK active=775 next_idx=774 phase='tlm_coord_x_sub' ops_idx=1543
PEAK active=776 next_idx=775 phase='tlm_coord_x_sub' ops_idx=1545
PEAK active=777 next_idx=776 phase='tlm_coord_x_sub' ops_idx=1547
PEAK active=778 next_idx=777 phase='tlm_coord_x_sub' ops_idx=1549
PEAK active=779 next_idx=778 phase='tlm_coord_x_sub' ops_idx=1551
PEAK active=780 next_idx=779 phase='tlm_coord_x_sub' ops_idx=1553
PEAK active=781 next_idx=780 phase='tlm_coord_x_sub' ops_idx=1555
PEAK active=782 next_idx=781 phase='tlm_coord_x_sub' ops_idx=1557
PEAK active=783 next_idx=782 phase='tlm_coord_x_sub' ops_idx=1559
PEAK active=784 next_idx=783 phase='tlm_coord_x_sub' ops_idx=1561
PEAK active=785 next_idx=784 phase='tlm_coord_x_sub' ops_idx=1563
PEAK active=786 next_idx=785 phase='tlm_coord_x_sub' ops_idx=1565
PEAK active=787 next_idx=786 phase='tlm_coord_x_sub' ops_idx=1567
PEAK active=788 next_idx=787 phase='tlm_coord_x_sub' ops_idx=1569
PEAK active=789 next_idx=788 phase='tlm_coord_x_sub' ops_idx=1571
PEAK active=790 next_idx=789 phase='tlm_coord_x_sub' ops_idx=1573
PEAK active=791 next_idx=790 phase='tlm_coord_x_sub' ops_idx=1575
PEAK active=792 next_idx=791 phase='tlm_coord_x_sub' ops_idx=1577
PEAK active=793 next_idx=792 phase='tlm_coord_x_sub' ops_idx=1579
PEAK active=794 next_idx=793 phase='tlm_coord_x_sub' ops_idx=1581
PEAK active=795 next_idx=794 phase='tlm_coord_x_sub' ops_idx=1583
PEAK active=796 next_idx=795 phase='tlm_coord_x_sub' ops_idx=1585
PEAK active=797 next_idx=796 phase='tlm_coord_x_sub' ops_idx=1587
PEAK active=798 next_idx=797 phase='tlm_coord_x_sub' ops_idx=1589
PEAK active=799 next_idx=798 phase='tlm_coord_x_sub' ops_idx=1591
PEAK active=800 next_idx=799 phase='tlm_coord_x_sub' ops_idx=1593
PEAK active=801 next_idx=800 phase='tlm_coord_x_sub' ops_idx=1595
PEAK active=802 next_idx=801 phase='tlm_coord_x_sub' ops_idx=1597
PEAK active=803 next_idx=802 phase='tlm_coord_x_sub' ops_idx=1599
PEAK active=804 next_idx=803 phase='tlm_coord_x_sub' ops_idx=1601
PEAK active=805 next_idx=804 phase='tlm_coord_x_sub' ops_idx=1603
PEAK active=806 next_idx=805 phase='tlm_coord_x_sub' ops_idx=1605
PEAK active=807 next_idx=806 phase='tlm_coord_x_sub' ops_idx=1607
PEAK active=808 next_idx=807 phase='tlm_coord_x_sub' ops_idx=1609
PEAK active=809 next_idx=808 phase='tlm_coord_x_sub' ops_idx=1611
PEAK active=810 next_idx=809 phase='tlm_coord_x_sub' ops_idx=1613
PEAK active=811 next_idx=810 phase='tlm_coord_x_sub' ops_idx=1615
PEAK active=812 next_idx=811 phase='tlm_coord_x_sub' ops_idx=1617
PEAK active=813 next_idx=812 phase='tlm_coord_x_sub' ops_idx=1619
PEAK active=814 next_idx=813 phase='tlm_coord_x_sub' ops_idx=1621
PEAK active=815 next_idx=814 phase='tlm_coord_x_sub' ops_idx=1623
PEAK active=816 next_idx=815 phase='tlm_coord_x_sub' ops_idx=1625
PEAK active=817 next_idx=816 phase='tlm_coord_x_sub' ops_idx=1627
PEAK active=818 next_idx=817 phase='tlm_coord_x_sub' ops_idx=1629
PEAK active=819 next_idx=818 phase='tlm_coord_x_sub' ops_idx=1631
PEAK active=820 next_idx=819 phase='tlm_coord_x_sub' ops_idx=1633
PEAK active=821 next_idx=820 phase='tlm_coord_x_sub' ops_idx=1635
PEAK active=822 next_idx=821 phase='tlm_coord_x_sub' ops_idx=1637
PEAK active=823 next_idx=822 phase='tlm_coord_x_sub' ops_idx=1639
PEAK active=824 next_idx=823 phase='tlm_coord_x_sub' ops_idx=1641
PEAK active=825 next_idx=824 phase='tlm_coord_x_sub' ops_idx=1643
PEAK active=826 next_idx=825 phase='tlm_coord_x_sub' ops_idx=1645
PEAK active=827 next_idx=826 phase='tlm_coord_x_sub' ops_idx=1647
PEAK active=828 next_idx=827 phase='tlm_coord_x_sub' ops_idx=1649
PEAK active=829 next_idx=828 phase='tlm_coord_x_sub' ops_idx=1651
PEAK active=830 next_idx=829 phase='tlm_coord_x_sub' ops_idx=1653
PEAK active=831 next_idx=830 phase='tlm_coord_x_sub' ops_idx=1655
PEAK active=832 next_idx=831 phase='tlm_coord_x_sub' ops_idx=1657
PEAK active=833 next_idx=832 phase='tlm_coord_x_sub' ops_idx=1659
PEAK active=834 next_idx=833 phase='tlm_coord_x_sub' ops_idx=1661
PEAK active=835 next_idx=834 phase='tlm_coord_x_sub' ops_idx=1663
PEAK active=836 next_idx=835 phase='tlm_coord_x_sub' ops_idx=1665
PEAK active=837 next_idx=836 phase='tlm_coord_x_sub' ops_idx=1667
PEAK active=838 next_idx=837 phase='tlm_coord_x_sub' ops_idx=1669
PEAK active=839 next_idx=838 phase='tlm_coord_x_sub' ops_idx=1671
PEAK active=840 next_idx=839 phase='tlm_coord_x_sub' ops_idx=1673
PEAK active=841 next_idx=840 phase='tlm_coord_x_sub' ops_idx=1675
PEAK active=842 next_idx=841 phase='tlm_coord_x_sub' ops_idx=1677
PEAK active=843 next_idx=842 phase='tlm_coord_x_sub' ops_idx=1679
PEAK active=844 next_idx=843 phase='tlm_coord_x_sub' ops_idx=1681
PEAK active=845 next_idx=844 phase='tlm_coord_x_sub' ops_idx=1683
PEAK active=846 next_idx=845 phase='tlm_coord_x_sub' ops_idx=1685
PEAK active=847 next_idx=846 phase='tlm_coord_x_sub' ops_idx=1687
PEAK active=848 next_idx=847 phase='tlm_coord_x_sub' ops_idx=1689
PEAK active=849 next_idx=848 phase='tlm_coord_x_sub' ops_idx=1691
PEAK active=850 next_idx=849 phase='tlm_coord_x_sub' ops_idx=1693
PEAK active=851 next_idx=850 phase='tlm_coord_x_sub' ops_idx=1695
PEAK active=852 next_idx=851 phase='tlm_coord_x_sub' ops_idx=1697
PEAK active=853 next_idx=852 phase='tlm_coord_x_sub' ops_idx=1699
PEAK active=854 next_idx=853 phase='tlm_coord_x_sub' ops_idx=1701
PEAK active=855 next_idx=854 phase='tlm_coord_x_sub' ops_idx=1703
PEAK active=856 next_idx=855 phase='tlm_coord_x_sub' ops_idx=1705
PEAK active=857 next_idx=856 phase='tlm_coord_x_sub' ops_idx=1707
PEAK active=858 next_idx=857 phase='tlm_coord_x_sub' ops_idx=1709
PEAK active=859 next_idx=858 phase='tlm_coord_x_sub' ops_idx=1711
PEAK active=860 next_idx=859 phase='tlm_coord_x_sub' ops_idx=1713
PEAK active=861 next_idx=860 phase='tlm_coord_x_sub' ops_idx=1715
PEAK active=862 next_idx=861 phase='tlm_coord_x_sub' ops_idx=1717
PEAK active=863 next_idx=862 phase='tlm_coord_x_sub' ops_idx=1719
PEAK active=864 next_idx=863 phase='tlm_coord_x_sub' ops_idx=1721
PEAK active=865 next_idx=864 phase='tlm_coord_x_sub' ops_idx=1723
PEAK active=866 next_idx=865 phase='tlm_coord_x_sub' ops_idx=1725
PEAK active=867 next_idx=866 phase='tlm_coord_x_sub' ops_idx=1727
PEAK active=868 next_idx=867 phase='tlm_coord_x_sub' ops_idx=1729
PEAK active=869 next_idx=868 phase='tlm_coord_x_sub' ops_idx=1731
PEAK active=870 next_idx=869 phase='tlm_coord_x_sub' ops_idx=1733
PEAK active=871 next_idx=870 phase='tlm_coord_x_sub' ops_idx=1735
PEAK active=872 next_idx=871 phase='tlm_coord_x_sub' ops_idx=1737
PEAK active=873 next_idx=872 phase='tlm_coord_x_sub' ops_idx=1739
PEAK active=874 next_idx=873 phase='tlm_coord_x_sub' ops_idx=1741
PEAK active=875 next_idx=874 phase='tlm_coord_x_sub' ops_idx=1743
PEAK active=876 next_idx=875 phase='tlm_coord_x_sub' ops_idx=1745
PEAK active=877 next_idx=876 phase='tlm_coord_x_sub' ops_idx=1747
PEAK active=878 next_idx=877 phase='tlm_coord_x_sub' ops_idx=1749
PEAK active=879 next_idx=878 phase='tlm_coord_x_sub' ops_idx=1751
PEAK active=880 next_idx=879 phase='tlm_coord_x_sub' ops_idx=1753
PEAK active=881 next_idx=880 phase='tlm_coord_x_sub' ops_idx=1755
PEAK active=882 next_idx=881 phase='tlm_coord_x_sub' ops_idx=1757
PEAK active=883 next_idx=882 phase='tlm_coord_x_sub' ops_idx=1759
PEAK active=884 next_idx=883 phase='tlm_coord_x_sub' ops_idx=1761
PEAK active=885 next_idx=884 phase='tlm_coord_x_sub' ops_idx=1763
PEAK active=886 next_idx=885 phase='tlm_coord_x_sub' ops_idx=1765
PEAK active=887 next_idx=886 phase='tlm_coord_x_sub' ops_idx=1767
PEAK active=888 next_idx=887 phase='tlm_coord_x_sub' ops_idx=1769
PEAK active=889 next_idx=888 phase='tlm_coord_x_sub' ops_idx=1771
PEAK active=890 next_idx=889 phase='tlm_coord_x_sub' ops_idx=1773
PEAK active=891 next_idx=890 phase='tlm_coord_x_sub' ops_idx=1775
PEAK active=892 next_idx=891 phase='tlm_coord_x_sub' ops_idx=1777
PEAK active=893 next_idx=892 phase='tlm_coord_x_sub' ops_idx=1779
PEAK active=894 next_idx=893 phase='tlm_coord_x_sub' ops_idx=1781
PEAK active=895 next_idx=894 phase='tlm_coord_x_sub' ops_idx=1783
PEAK active=896 next_idx=895 phase='tlm_coord_x_sub' ops_idx=1785
PEAK active=897 next_idx=896 phase='tlm_coord_x_sub' ops_idx=1787
PEAK active=898 next_idx=897 phase='tlm_coord_x_sub' ops_idx=1789
PEAK active=899 next_idx=898 phase='tlm_coord_x_sub' ops_idx=1791
PEAK active=900 next_idx=899 phase='tlm_coord_x_sub' ops_idx=1793
PEAK active=901 next_idx=900 phase='tlm_coord_x_sub' ops_idx=1795
PEAK active=902 next_idx=901 phase='tlm_coord_x_sub' ops_idx=1797
PEAK active=903 next_idx=902 phase='tlm_coord_x_sub' ops_idx=1799
PEAK active=904 next_idx=903 phase='tlm_coord_x_sub' ops_idx=1801
PEAK active=905 next_idx=904 phase='tlm_coord_x_sub' ops_idx=1803
PEAK active=906 next_idx=905 phase='tlm_coord_x_sub' ops_idx=1805
PEAK active=907 next_idx=906 phase='tlm_coord_x_sub' ops_idx=1807
PEAK active=908 next_idx=907 phase='tlm_coord_x_sub' ops_idx=1809
PEAK active=909 next_idx=908 phase='tlm_coord_x_sub' ops_idx=1811
PEAK active=910 next_idx=909 phase='tlm_coord_x_sub' ops_idx=1813
PEAK active=911 next_idx=910 phase='tlm_coord_x_sub' ops_idx=1815
PEAK active=912 next_idx=911 phase='tlm_coord_x_sub' ops_idx=1817
PEAK active=913 next_idx=912 phase='tlm_coord_x_sub' ops_idx=1819
PEAK active=914 next_idx=913 phase='tlm_coord_x_sub' ops_idx=1821
PEAK active=915 next_idx=914 phase='tlm_coord_x_sub' ops_idx=1823
PEAK active=916 next_idx=915 phase='tlm_coord_x_sub' ops_idx=1825
PEAK active=917 next_idx=916 phase='tlm_coord_x_sub' ops_idx=1827
PEAK active=918 next_idx=917 phase='tlm_coord_x_sub' ops_idx=1829
PEAK active=919 next_idx=918 phase='tlm_coord_x_sub' ops_idx=1831
PEAK active=920 next_idx=919 phase='tlm_coord_x_sub' ops_idx=1833
PEAK active=921 next_idx=920 phase='tlm_coord_x_sub' ops_idx=1835
PEAK active=922 next_idx=921 phase='tlm_coord_x_sub' ops_idx=1837
PEAK active=923 next_idx=922 phase='tlm_coord_x_sub' ops_idx=1839
PEAK active=924 next_idx=923 phase='tlm_coord_x_sub' ops_idx=1841
PEAK active=925 next_idx=924 phase='tlm_coord_x_sub' ops_idx=1843
PEAK active=926 next_idx=925 phase='tlm_coord_x_sub' ops_idx=1845
PEAK active=927 next_idx=926 phase='tlm_coord_x_sub' ops_idx=1847
PEAK active=928 next_idx=927 phase='tlm_coord_x_sub' ops_idx=1849
PEAK active=929 next_idx=928 phase='tlm_coord_x_sub' ops_idx=1851
PEAK active=930 next_idx=929 phase='tlm_coord_x_sub' ops_idx=1853
PEAK active=931 next_idx=930 phase='tlm_coord_x_sub' ops_idx=1855
PEAK active=932 next_idx=931 phase='tlm_coord_x_sub' ops_idx=1857
PEAK active=933 next_idx=932 phase='tlm_coord_x_sub' ops_idx=1859
PEAK active=934 next_idx=933 phase='tlm_coord_x_sub' ops_idx=1861
PEAK active=935 next_idx=934 phase='tlm_coord_x_sub' ops_idx=1863
PEAK active=936 next_idx=935 phase='tlm_coord_x_sub' ops_idx=1865
PEAK active=937 next_idx=936 phase='tlm_coord_x_sub' ops_idx=1867
PEAK active=938 next_idx=937 phase='tlm_coord_x_sub' ops_idx=1869
PEAK active=939 next_idx=938 phase='tlm_coord_x_sub' ops_idx=1871
PEAK active=940 next_idx=939 phase='tlm_coord_x_sub' ops_idx=1873
PEAK active=941 next_idx=940 phase='tlm_coord_x_sub' ops_idx=1875
PEAK active=942 next_idx=941 phase='tlm_coord_x_sub' ops_idx=1877
PEAK active=943 next_idx=942 phase='tlm_coord_x_sub' ops_idx=1879
PEAK active=944 next_idx=943 phase='tlm_coord_x_sub' ops_idx=1881
PEAK active=945 next_idx=944 phase='tlm_coord_x_sub' ops_idx=1883
PEAK active=946 next_idx=945 phase='tlm_coord_x_sub' ops_idx=1885
PEAK active=947 next_idx=946 phase='tlm_coord_x_sub' ops_idx=1887
PEAK active=948 next_idx=947 phase='tlm_coord_x_sub' ops_idx=1889
PEAK active=949 next_idx=948 phase='tlm_coord_x_sub' ops_idx=1891
PEAK active=950 next_idx=949 phase='tlm_coord_x_sub' ops_idx=1893
PEAK active=951 next_idx=950 phase='tlm_coord_x_sub' ops_idx=1895
PEAK active=952 next_idx=951 phase='tlm_coord_x_sub' ops_idx=1897
PEAK active=953 next_idx=952 phase='tlm_coord_x_sub' ops_idx=1899
PEAK active=954 next_idx=953 phase='tlm_coord_x_sub' ops_idx=1901
PEAK active=955 next_idx=954 phase='tlm_coord_x_sub' ops_idx=1903
PEAK active=956 next_idx=955 phase='tlm_coord_x_sub' ops_idx=1905
PEAK active=957 next_idx=956 phase='tlm_coord_x_sub' ops_idx=1907
PEAK active=958 next_idx=957 phase='tlm_coord_x_sub' ops_idx=1909
PEAK active=959 next_idx=958 phase='tlm_coord_x_sub' ops_idx=1911
PEAK active=960 next_idx=959 phase='tlm_coord_x_sub' ops_idx=1913
PEAK active=961 next_idx=960 phase='tlm_coord_x_sub' ops_idx=1915
PEAK active=962 next_idx=961 phase='tlm_coord_x_sub' ops_idx=1917
PEAK active=963 next_idx=962 phase='tlm_coord_x_sub' ops_idx=1919
PEAK active=964 next_idx=963 phase='tlm_coord_x_sub' ops_idx=1921
PEAK active=965 next_idx=964 phase='tlm_coord_x_sub' ops_idx=1923
PEAK active=966 next_idx=965 phase='tlm_coord_x_sub' ops_idx=1925
PEAK active=967 next_idx=966 phase='tlm_coord_x_sub' ops_idx=1927
PEAK active=968 next_idx=967 phase='tlm_coord_x_sub' ops_idx=1929
PEAK active=969 next_idx=968 phase='tlm_coord_x_sub' ops_idx=1931
PEAK active=970 next_idx=969 phase='tlm_coord_x_sub' ops_idx=1933
PEAK active=971 next_idx=970 phase='tlm_coord_x_sub' ops_idx=1935
PEAK active=972 next_idx=971 phase='tlm_coord_x_sub' ops_idx=1937
PEAK active=973 next_idx=972 phase='tlm_coord_x_sub' ops_idx=1939
PEAK active=974 next_idx=973 phase='tlm_coord_x_sub' ops_idx=1941
PEAK active=975 next_idx=974 phase='tlm_coord_x_sub' ops_idx=1943
PEAK active=976 next_idx=975 phase='tlm_coord_x_sub' ops_idx=1945
PEAK active=977 next_idx=976 phase='tlm_coord_x_sub' ops_idx=1947
PEAK active=978 next_idx=977 phase='tlm_coord_x_sub' ops_idx=1949
PEAK active=979 next_idx=978 phase='tlm_coord_x_sub' ops_idx=1951
PEAK active=980 next_idx=979 phase='tlm_coord_x_sub' ops_idx=1953
PEAK active=981 next_idx=980 phase='tlm_coord_x_sub' ops_idx=1955
PEAK active=982 next_idx=981 phase='tlm_coord_x_sub' ops_idx=1957
PEAK active=983 next_idx=982 phase='tlm_coord_x_sub' ops_idx=1959
PEAK active=984 next_idx=983 phase='tlm_coord_x_sub' ops_idx=1961
PEAK active=985 next_idx=984 phase='tlm_coord_x_sub' ops_idx=1963
PEAK active=986 next_idx=985 phase='tlm_coord_x_sub' ops_idx=1965
PEAK active=987 next_idx=986 phase='tlm_coord_x_sub' ops_idx=1967
PEAK active=988 next_idx=987 phase='tlm_coord_x_sub' ops_idx=1969
PEAK active=989 next_idx=988 phase='tlm_coord_x_sub' ops_idx=1971
PEAK active=990 next_idx=989 phase='tlm_coord_x_sub' ops_idx=1973
PEAK active=991 next_idx=990 phase='tlm_coord_x_sub' ops_idx=1975
PEAK active=992 next_idx=991 phase='tlm_coord_x_sub' ops_idx=1977
PEAK active=993 next_idx=992 phase='tlm_coord_x_sub' ops_idx=1979
PEAK active=994 next_idx=993 phase='tlm_coord_x_sub' ops_idx=1981
PEAK active=995 next_idx=994 phase='tlm_coord_x_sub' ops_idx=1983
PEAK active=996 next_idx=995 phase='tlm_coord_x_sub' ops_idx=1985
PEAK active=997 next_idx=996 phase='tlm_coord_x_sub' ops_idx=1987
PEAK active=998 next_idx=997 phase='tlm_coord_x_sub' ops_idx=1989
PEAK active=999 next_idx=998 phase='tlm_coord_x_sub' ops_idx=1991
PEAK active=1000 next_idx=999 phase='tlm_coord_x_sub' ops_idx=1993
PEAK active=1001 next_idx=1000 phase='tlm_coord_x_sub' ops_idx=1995
PEAK active=1002 next_idx=1001 phase='tlm_coord_x_sub' ops_idx=1997
PEAK active=1003 next_idx=1002 phase='tlm_coord_x_sub' ops_idx=1999
PEAK active=1004 next_idx=1003 phase='tlm_coord_x_sub' ops_idx=2001
PEAK active=1005 next_idx=1004 phase='tlm_coord_x_sub' ops_idx=2003
PEAK active=1006 next_idx=1005 phase='tlm_coord_x_sub' ops_idx=2005
PEAK active=1007 next_idx=1006 phase='tlm_coord_x_sub' ops_idx=2007
PEAK active=1008 next_idx=1007 phase='tlm_coord_x_sub' ops_idx=2009
PEAK active=1009 next_idx=1008 phase='tlm_coord_x_sub' ops_idx=2011
PEAK active=1010 next_idx=1009 phase='tlm_coord_x_sub' ops_idx=2013
PEAK active=1011 next_idx=1010 phase='tlm_coord_x_sub' ops_idx=2015
PEAK active=1012 next_idx=1011 phase='tlm_coord_x_sub' ops_idx=2017
PEAK active=1013 next_idx=1012 phase='tlm_coord_x_sub' ops_idx=2019
PEAK active=1014 next_idx=1013 phase='tlm_coord_x_sub' ops_idx=2021
PEAK active=1015 next_idx=1014 phase='tlm_coord_x_sub' ops_idx=2023
PEAK active=1016 next_idx=1015 phase='tlm_coord_x_sub' ops_idx=2025
PEAK active=1017 next_idx=1016 phase='tlm_coord_x_sub' ops_idx=2027
PEAK active=1018 next_idx=1017 phase='tlm_coord_x_sub' ops_idx=2029
PEAK active=1019 next_idx=1018 phase='tlm_coord_x_sub' ops_idx=2031
PEAK active=1020 next_idx=1019 phase='tlm_coord_x_sub' ops_idx=2033
PEAK active=1021 next_idx=1020 phase='tlm_coord_x_sub' ops_idx=2035
PEAK active=1022 next_idx=1021 phase='tlm_coord_x_sub' ops_idx=2037
PEAK active=1023 next_idx=1022 phase='tlm_coord_x_sub' ops_idx=2039
PEAK active=1024 next_idx=1023 phase='tlm_coord_x_sub' ops_idx=2041
PEAK active=1025 next_idx=1024 phase='tlm_coord_x_sub' ops_idx=2043
PEAK active=1026 next_idx=1025 phase='tlm_coord_x_sub' ops_idx=2045
PEAK active=1027 next_idx=1026 phase='pp_div_walk' ops_idx=16183
PEAK active=1028 next_idx=1027 phase='pp_div_walk' ops_idx=16183
PEAK active=1029 next_idx=1028 phase='pp_div_walk' ops_idx=16183
PEAK active=1030 next_idx=1029 phase='pp_div_walk' ops_idx=19524
PEAK active=1031 next_idx=1030 phase='pp_div_walk' ops_idx=22865
PEAK active=1032 next_idx=1031 phase='pp_div_walk' ops_idx=26206
PEAK active=1033 next_idx=1032 phase='pp_div_walk' ops_idx=29547
PEAK active=1034 next_idx=1033 phase='pp_div_walk' ops_idx=32888
PEAK active=1035 next_idx=1034 phase='pp_div_walk' ops_idx=36229
PEAK active=1036 next_idx=1035 phase='pp_div_walk' ops_idx=39570
PEAK active=1037 next_idx=1036 phase='pp_div_walk' ops_idx=42911
PEAK active=1038 next_idx=1037 phase='pp_div_walk' ops_idx=46252
PEAK active=1039 next_idx=1038 phase='pp_div_walk' ops_idx=49593
PEAK active=1040 next_idx=1039 phase='pp_div_walk' ops_idx=52934
PEAK active=1041 next_idx=1040 phase='pp_div_walk' ops_idx=56275
PEAK active=1042 next_idx=1041 phase='pp_div_walk' ops_idx=59616
PEAK active=1043 next_idx=1042 phase='pp_div_walk' ops_idx=62957
PEAK active=1044 next_idx=1043 phase='pp_div_walk' ops_idx=66298
PEAK active=1045 next_idx=1044 phase='pp_div_walk' ops_idx=69639
PEAK active=1046 next_idx=1045 phase='pp_div_walk' ops_idx=72980
PEAK active=1047 next_idx=1046 phase='pp_div_walk' ops_idx=86308
PEAK active=1048 next_idx=1047 phase='pp_div_walk' ops_idx=89636
PEAK active=1049 next_idx=1048 phase='pp_div_walk' ops_idx=112821
PEAK active=1050 next_idx=1049 phase='pp_div_walk' ops_idx=125993
PEAK active=1051 next_idx=1050 phase='pp_div_walk' ops_idx=168359
PEAK active=1052 next_idx=1051 phase='pp_div_walk' ops_idx=171596
PEAK active=1053 next_idx=1052 phase='pp_div_walk' ops_idx=279087
PEAK active=1054 next_idx=1053 phase='pp_div_replay' ops_idx=910888
PEAK active=1055 next_idx=1054 phase='pp_div_replay' ops_idx=910888
PEAK active=1056 next_idx=1055 phase='pp_div_replay' ops_idx=910888
PEAK active=1057 next_idx=1056 phase='pp_div_replay' ops_idx=910888
PEAK active=1058 next_idx=1057 phase='pp_div_replay' ops_idx=910888
PEAK active=1059 next_idx=1058 phase='pp_div_replay' ops_idx=910888
PEAK active=1060 next_idx=1059 phase='pp_div_replay' ops_idx=910888
PEAK active=1061 next_idx=1060 phase='pp_div_replay' ops_idx=910888
PEAK active=1062 next_idx=1061 phase='pp_div_replay' ops_idx=910888
PEAK active=1063 next_idx=1062 phase='pp_div_replay' ops_idx=910888
PEAK active=1064 next_idx=1063 phase='pp_div_replay' ops_idx=910888
PEAK active=1065 next_idx=1064 phase='pp_div_replay' ops_idx=910888
PEAK active=1066 next_idx=1065 phase='pp_div_replay' ops_idx=910888
PEAK active=1067 next_idx=1066 phase='pp_div_replay' ops_idx=910888
PEAK active=1068 next_idx=1067 phase='pp_div_replay' ops_idx=910888
PEAK active=1069 next_idx=1068 phase='pp_div_replay' ops_idx=910888
PEAK active=1070 next_idx=1069 phase='pp_div_replay' ops_idx=910888
PEAK active=1071 next_idx=1070 phase='pp_div_replay' ops_idx=910888
PEAK active=1072 next_idx=1071 phase='pp_div_replay' ops_idx=910888
PEAK active=1073 next_idx=1072 phase='pp_div_replay' ops_idx=910888
PEAK active=1074 next_idx=1073 phase='pp_div_replay' ops_idx=910888
PEAK active=1075 next_idx=1074 phase='pp_div_replay' ops_idx=910888
PEAK active=1076 next_idx=1075 phase='pp_div_replay' ops_idx=910888
PEAK active=1077 next_idx=1076 phase='pp_div_replay' ops_idx=910888
PEAK active=1078 next_idx=1077 phase='pp_div_replay' ops_idx=910888
PEAK active=1079 next_idx=1078 phase='pp_div_replay' ops_idx=910888
PEAK active=1080 next_idx=1079 phase='pp_div_replay' ops_idx=910888
PEAK active=1081 next_idx=1080 phase='pp_div_replay' ops_idx=910888
PEAK active=1082 next_idx=1081 phase='pp_div_replay' ops_idx=910888
PEAK active=1083 next_idx=1082 phase='pp_div_replay' ops_idx=910888
PEAK active=1084 next_idx=1083 phase='pp_div_replay' ops_idx=910888
PEAK active=1085 next_idx=1084 phase='pp_div_replay' ops_idx=910888
PEAK active=1086 next_idx=1085 phase='pp_div_replay' ops_idx=910888
PEAK active=1087 next_idx=1086 phase='pp_div_replay' ops_idx=910888
PEAK active=1088 next_idx=1087 phase='pp_div_replay' ops_idx=910888
PEAK active=1089 next_idx=1088 phase='pp_div_replay' ops_idx=910888
PEAK active=1090 next_idx=1089 phase='pp_div_replay' ops_idx=910888
PEAK active=1091 next_idx=1090 phase='pp_div_replay' ops_idx=910888
PEAK active=1092 next_idx=1091 phase='pp_div_replay' ops_idx=910888
PEAK active=1093 next_idx=1092 phase='pp_div_replay' ops_idx=910888
PEAK active=1094 next_idx=1093 phase='pp_div_replay' ops_idx=910888
PEAK active=1095 next_idx=1094 phase='pp_div_replay' ops_idx=910888
PEAK active=1096 next_idx=1095 phase='pp_div_replay' ops_idx=910888
PEAK active=1097 next_idx=1096 phase='pp_div_replay' ops_idx=910888
PEAK active=1098 next_idx=1097 phase='pp_div_replay' ops_idx=910888
PEAK active=1099 next_idx=1098 phase='pp_div_replay' ops_idx=910888
PEAK active=1100 next_idx=1099 phase='pp_div_replay' ops_idx=910888
PEAK active=1101 next_idx=1100 phase='pp_div_replay' ops_idx=910888
PEAK active=1102 next_idx=1101 phase='pp_div_replay' ops_idx=910888
PEAK active=1103 next_idx=1102 phase='pp_div_replay' ops_idx=910888
PEAK active=1104 next_idx=1103 phase='pp_div_replay' ops_idx=910888
PEAK active=1105 next_idx=1104 phase='pp_div_replay' ops_idx=910888
PEAK active=1106 next_idx=1105 phase='pp_div_replay' ops_idx=910888
PEAK active=1107 next_idx=1106 phase='pp_div_replay' ops_idx=910888
PEAK active=1108 next_idx=1107 phase='pp_div_replay' ops_idx=910888
PEAK active=1109 next_idx=1108 phase='pp_div_replay' ops_idx=910888
PEAK active=1110 next_idx=1109 phase='pp_div_replay' ops_idx=910888
PEAK active=1111 next_idx=1110 phase='pp_div_replay' ops_idx=910888
PEAK active=1112 next_idx=1111 phase='pp_div_replay' ops_idx=910888
PEAK active=1113 next_idx=1112 phase='pp_div_replay' ops_idx=910888
PEAK active=1114 next_idx=1113 phase='pp_div_replay' ops_idx=910888
PEAK active=1115 next_idx=1114 phase='pp_div_replay' ops_idx=910888
PEAK active=1116 next_idx=1115 phase='pp_div_replay' ops_idx=910888
PEAK active=1117 next_idx=1116 phase='pp_div_replay' ops_idx=910888
PEAK active=1118 next_idx=1117 phase='pp_div_replay' ops_idx=910888
PEAK active=1119 next_idx=1118 phase='pp_div_replay' ops_idx=910888
PEAK active=1120 next_idx=1119 phase='pp_div_replay' ops_idx=910888
PEAK active=1121 next_idx=1120 phase='pp_div_replay' ops_idx=910888
PEAK active=1122 next_idx=1121 phase='pp_div_replay' ops_idx=910888
PEAK active=1123 next_idx=1122 phase='pp_div_replay' ops_idx=910888
PEAK active=1124 next_idx=1123 phase='pp_div_replay' ops_idx=910888
PEAK active=1125 next_idx=1124 phase='pp_div_replay' ops_idx=910888
PEAK active=1126 next_idx=1125 phase='pp_div_replay' ops_idx=910888
PEAK active=1127 next_idx=1126 phase='pp_div_replay' ops_idx=910888
PEAK active=1128 next_idx=1127 phase='pp_div_replay' ops_idx=910888
PEAK active=1129 next_idx=1128 phase='pp_div_replay' ops_idx=910888
PEAK active=1130 next_idx=1129 phase='pp_div_replay' ops_idx=910888
PEAK active=1131 next_idx=1130 phase='pp_div_replay' ops_idx=910888
PEAK active=1132 next_idx=1131 phase='pp_div_replay' ops_idx=910888
PEAK active=1133 next_idx=1132 phase='pp_div_replay' ops_idx=910888
PEAK active=1134 next_idx=1133 phase='pp_div_replay' ops_idx=910888
PEAK active=1135 next_idx=1134 phase='pp_div_replay' ops_idx=910888
PEAK active=1136 next_idx=1135 phase='pp_div_replay' ops_idx=910888
PEAK active=1137 next_idx=1136 phase='pp_div_replay' ops_idx=910888
PEAK active=1138 next_idx=1137 phase='pp_div_replay' ops_idx=910888
PEAK active=1139 next_idx=1138 phase='pp_div_replay' ops_idx=910888
PEAK active=1140 next_idx=1139 phase='pp_div_replay' ops_idx=910888
PEAK active=1141 next_idx=1140 phase='pp_div_replay' ops_idx=910890
PEAK active=1142 next_idx=1141 phase='pp_div_replay' ops_idx=910890
PEAK active=1143 next_idx=1142 phase='pp_div_replay' ops_idx=910890
PEAK active=1144 next_idx=1143 phase='pp_div_replay' ops_idx=910890
PEAK active=1145 next_idx=1144 phase='pp_div_replay' ops_idx=910890
PEAK active=1146 next_idx=1145 phase='pp_div_replay' ops_idx=910890
PEAK active=1147 next_idx=1146 phase='pp_div_replay' ops_idx=910890
PEAK active=1148 next_idx=1147 phase='pp_div_replay' ops_idx=910890
PEAK active=1149 next_idx=1148 phase='pp_div_replay' ops_idx=910890
PEAK active=1150 next_idx=1149 phase='pp_div_replay' ops_idx=910890
PEAK active=1151 next_idx=1150 phase='pp_div_replay' ops_idx=910890
PEAK active=1152 next_idx=1151 phase='pp_div_replay' ops_idx=910890
PEAK active=1153 next_idx=1152 phase='pp_div_replay' ops_idx=910890
PEAK active=1154 next_idx=1153 phase='pp_div_replay' ops_idx=910890
PEAK active=1155 next_idx=1154 phase='pp_div_replay' ops_idx=910890
PEAK active=1156 next_idx=1155 phase='pp_div_replay' ops_idx=910890
PEAK active=1157 next_idx=1156 phase='pp_div_replay' ops_idx=910890
PEAK active=1158 next_idx=1157 phase='pp_div_replay' ops_idx=910890
PEAK active=1159 next_idx=1158 phase='pp_div_replay' ops_idx=910890
PEAK active=1160 next_idx=1159 phase='pp_div_replay' ops_idx=910890
PEAK active=1161 next_idx=1160 phase='pp_div_replay' ops_idx=910890
PEAK active=1162 next_idx=1161 phase='pp_div_replay' ops_idx=910890
PEAK active=1163 next_idx=1162 phase='pp_div_replay' ops_idx=910890
PEAK active=1164 next_idx=1163 phase='pp_div_replay' ops_idx=910890
PEAK active=1165 next_idx=1164 phase='pp_div_replay' ops_idx=910890
PEAK active=1166 next_idx=1165 phase='pp_div_replay' ops_idx=910890
PEAK active=1167 next_idx=1166 phase='pp_div_replay' ops_idx=910890
PEAK active=1168 next_idx=1167 phase='pp_div_replay' ops_idx=910890
PEAK active=1169 next_idx=1168 phase='pp_div_replay' ops_idx=910890
PEAK active=1170 next_idx=1169 phase='pp_div_replay' ops_idx=910890
PEAK active=1171 next_idx=1170 phase='pp_div_replay' ops_idx=910890
PEAK active=1172 next_idx=1171 phase='pp_div_replay' ops_idx=910890
PEAK active=1173 next_idx=1172 phase='pp_div_replay' ops_idx=910890
PEAK active=1174 next_idx=1173 phase='pp_div_replay' ops_idx=910890
PEAK active=1175 next_idx=1174 phase='pp_div_replay' ops_idx=910890
PEAK active=1176 next_idx=1175 phase='pp_div_replay' ops_idx=910890
PEAK active=1177 next_idx=1176 phase='pp_div_replay' ops_idx=910890
PEAK active=1178 next_idx=1177 phase='pp_div_replay' ops_idx=910890
PEAK active=1179 next_idx=1178 phase='pp_div_replay' ops_idx=910890
PEAK active=1180 next_idx=1179 phase='pp_div_replay' ops_idx=910890
PEAK active=1181 next_idx=1180 phase='pp_div_replay' ops_idx=910890
PEAK active=1182 next_idx=1181 phase='pp_div_replay' ops_idx=910890
PEAK active=1183 next_idx=1182 phase='pp_div_replay' ops_idx=910890
PEAK active=1184 next_idx=1183 phase='pp_div_replay' ops_idx=910890
PEAK active=1185 next_idx=1184 phase='pp_div_replay' ops_idx=910890
PEAK active=1186 next_idx=1185 phase='pp_div_replay' ops_idx=910890
PEAK active=1187 next_idx=1186 phase='pp_div_replay' ops_idx=910890
PEAK active=1188 next_idx=1187 phase='pp_div_replay' ops_idx=910890
PEAK active=1189 next_idx=1188 phase='pp_div_replay' ops_idx=912043
PEAK active=1190 next_idx=1189 phase='pp_div_replay' ops_idx=912043
PEAK active=1191 next_idx=1190 phase='pp_div_replay' ops_idx=912043
PEAK active=1192 next_idx=1191 phase='pp_div_replay' ops_idx=912043
PEAK active=1193 next_idx=1192 phase='pp_div_replay' ops_idx=912043
PEAK active=1194 next_idx=1193 phase='pp_div_replay' ops_idx=912043
PEAK active=1195 next_idx=1194 phase='pp_div_replay' ops_idx=912043
PEAK active=1196 next_idx=1195 phase='pp_div_replay' ops_idx=912043
PEAK active=1197 next_idx=1196 phase='pp_div_replay' ops_idx=912043
PEAK active=1198 next_idx=1197 phase='pp_div_replay' ops_idx=912043
PEAK active=1199 next_idx=1198 phase='pp_div_replay' ops_idx=912043
PEAK active=1200 next_idx=1199 phase='pp_div_replay' ops_idx=912043
PEAK active=1201 next_idx=1200 phase='pp_div_replay' ops_idx=913421
PEAK active=1202 next_idx=1201 phase='pp_div_replay' ops_idx=913421
PEAK active=1203 next_idx=1202 phase='pp_div_replay' ops_idx=913421
PEAK active=1204 next_idx=1203 phase='pp_div_replay' ops_idx=913421
PEAK active=1205 next_idx=1204 phase='pp_div_replay' ops_idx=913421
PEAK active=1206 next_idx=1205 phase='pp_div_replay' ops_idx=913421
PEAK active=1207 next_idx=1206 phase='pp_div_replay' ops_idx=913421
PEAK active=1208 next_idx=1207 phase='pp_div_replay' ops_idx=913421
PEAK active=1209 next_idx=1208 phase='pp_div_replay' ops_idx=913421
PEAK active=1210 next_idx=1209 phase='pp_div_replay' ops_idx=913421
PEAK active=1211 next_idx=1210 phase='pp_div_replay' ops_idx=913421
PEAK active=1212 next_idx=1211 phase='pp_div_replay' ops_idx=913421
PEAK active=1213 next_idx=1212 phase='pp_div_replay' ops_idx=913421
PEAK active=1214 next_idx=1213 phase='pp_div_replay' ops_idx=913421
PEAK active=1215 next_idx=1214 phase='pp_div_replay' ops_idx=913421
PEAK active=1216 next_idx=1215 phase='pp_div_replay' ops_idx=913421
PEAK active=1217 next_idx=1216 phase='pp_div_replay' ops_idx=913421
PEAK active=1218 next_idx=1217 phase='pp_div_replay' ops_idx=913421
PEAK active=1219 next_idx=1218 phase='pp_div_replay' ops_idx=913421
PEAK active=1220 next_idx=1219 phase='pp_div_replay' ops_idx=913421
PEAK active=1221 next_idx=1220 phase='pp_div_replay' ops_idx=913421
PEAK active=1222 next_idx=1221 phase='pp_div_replay' ops_idx=913421
PEAK active=1223 next_idx=1222 phase='pp_div_replay' ops_idx=913421
PEAK active=1224 next_idx=1223 phase='pp_div_replay' ops_idx=913421
PEAK active=1225 next_idx=1224 phase='pp_div_replay' ops_idx=913421
PEAK active=1226 next_idx=1225 phase='pp_div_replay' ops_idx=913421
PEAK active=1227 next_idx=1226 phase='pp_div_replay' ops_idx=913421
PEAK active=1228 next_idx=1227 phase='pp_div_replay' ops_idx=913421
PEAK active=1229 next_idx=1228 phase='pp_div_replay' ops_idx=913421
PEAK active=1230 next_idx=1229 phase='pp_div_replay' ops_idx=913421
PEAK active=1231 next_idx=1230 phase='pp_div_replay' ops_idx=913421
PEAK active=1232 next_idx=1231 phase='pp_div_replay' ops_idx=913421
PEAK active=1233 next_idx=1232 phase='pp_div_replay' ops_idx=913421
PEAK active=1234 next_idx=1233 phase='pp_div_replay' ops_idx=913421
PEAK active=1235 next_idx=1234 phase='pp_div_replay' ops_idx=913421
PEAK active=1236 next_idx=1235 phase='pp_div_replay' ops_idx=913421
PEAK active=1237 next_idx=1236 phase='pp_div_replay' ops_idx=913421
PEAK active=1238 next_idx=1237 phase='pp_div_replay' ops_idx=913421
PEAK active=1239 next_idx=1238 phase='pp_div_replay' ops_idx=913421
PEAK active=1240 next_idx=1239 phase='pp_div_replay' ops_idx=913421
PEAK active=1241 next_idx=1240 phase='pp_div_replay' ops_idx=913421
PEAK active=1242 next_idx=1241 phase='pp_div_replay' ops_idx=913421
PEAK active=1243 next_idx=1242 phase='pp_div_replay' ops_idx=913421
PEAK active=1244 next_idx=1243 phase='pp_div_replay' ops_idx=913421
PEAK active=1245 next_idx=1244 phase='pp_div_replay' ops_idx=913421
PEAK active=1246 next_idx=1245 phase='pp_div_replay' ops_idx=913421
PEAK active=1247 next_idx=1246 phase='pp_div_replay' ops_idx=913421
PEAK active=1248 next_idx=1247 phase='pp_div_replay' ops_idx=913421
PEAK active=1249 next_idx=1248 phase='pp_div_replay' ops_idx=913421
PEAK active=1250 next_idx=1249 phase='pp_div_replay' ops_idx=913421
PEAK active=1251 next_idx=1250 phase='pp_div_replay' ops_idx=913421
PEAK active=1252 next_idx=1251 phase='pp_div_replay' ops_idx=913421
PEAK active=1253 next_idx=1252 phase='pp_div_replay' ops_idx=913421
PEAK active=1254 next_idx=1253 phase='pp_div_replay' ops_idx=913421
PEAK active=1255 next_idx=1254 phase='pp_div_replay' ops_idx=913421
PEAK active=1256 next_idx=1255 phase='pp_div_replay' ops_idx=913421
PEAK active=1257 next_idx=1256 phase='pp_div_replay' ops_idx=913421
PEAK active=1258 next_idx=1257 phase='pp_div_replay' ops_idx=913421
PEAK active=1259 next_idx=1258 phase='pp_div_replay' ops_idx=913421
PEAK active=1260 next_idx=1259 phase='pp_div_replay' ops_idx=913421
PEAK active=1261 next_idx=1260 phase='pp_div_replay' ops_idx=913421
PEAK active=1262 next_idx=1261 phase='pp_div_replay' ops_idx=913421
PEAK active=1263 next_idx=1262 phase='pp_div_replay' ops_idx=913421
PEAK active=1264 next_idx=1263 phase='pp_div_replay' ops_idx=913421
PEAK active=1265 next_idx=1264 phase='pp_div_replay' ops_idx=913421
PEAK active=1266 next_idx=1265 phase='pp_div_replay' ops_idx=913421
PEAK active=1267 next_idx=1266 phase='pp_div_replay' ops_idx=913421
PP_PROFILE peak_qubits=1267 peak_ops_idx=913421 peak_phase=pp_div_replay num_qubits=1267 ops=12593762
phase                           ops        ccx        ccz     exec_tof   exec_cliff     peak
tlm_coord_x_sub                6597        329          2       322.33       3133.2     1026
tlm_coord_y_sub                6597        329          2       318.61       3099.6     1026
tlm_inverse                     250          0          0         0.00          0.0      768
pp_div_walk                  897440      68255          0     68255.00     792057.2     1053
pp_div_replay               3674984     286369          0    264645.16    2956915.7     1267
pp_div_walkback             1253010      95147          0     95147.00    1108738.6     1053
pp_div_restore                 1153          0          0         0.00        903.0      775
tlm_coord_add3x               41456        329          2       320.08       3113.4     1026
square_product_register      874342      55081         30     54891.42     628087.7     1153
tlm_forward_multiply            250          0          0         0.00          0.0      768
pp_mul_walk                 1256796      95137          0     95137.00    1108410.3     1053
pp_mul_replay                255210      20018          0     17512.11     192579.5     1264
pp_mul_walkback             4306006     333478          0    314031.28    3553542.1     1267
pp_mul_restore                 1114          0          0         0.00        864.0      775
tlm_coord_y_sub_final          6597        329          2       321.42       3125.4     1026
tlm_coord_rsub_final          11960        329          2       319.25       3104.9     1026
TOTAL                      12593762     955130         40    911220.66
PP_PROFILE lanes=64 classical_mismatch=0 phase=0x0 dirty_qubits=0
  emitted ops : 12593858
  wrote       : ops.bin (45668102 bytes on disk, 705256064 uncompressed, 15.4x)

=== build_circuit OK ===
