     1	use super::*;
     2
     3	/// Fixed-depth ping-pong division.  The value walk records one sign qubit per
     4	/// round; the coefficient pass consumes that log once, then the reverse value
     5	/// walk restores the denominator and clears the log.
     6	const ROUNDS_DEFAULT: usize = 704;
     7	const VALUE_WIDTH: usize = N + 3;
     8
     9	/// Fixed depth of the ping-pong walk.  The tape carries one sign qubit per
    10	/// round and is fully live during the coefficient replay, so this sets both the
    11	/// dominant term in peak width and (near-linearly) the gate count.  Lowering it
    12	/// only stays correct while the recurrence still converges.
    13	fn rounds_for(direction: PingPongDirection) -> usize {
    14	    match direction {
    15	        PingPongDirection::Divide => rounds(),
    16	        PingPongDirection::Multiply => {
    17	            // One round fewer on the multiply traversal: its fused doubling
    18	            // cell holds one more wire (the shifted-out top bit) during the
    19	            // chunked add than the divide cell does, so a one-bit shorter
    20	            // tape puts both replay peaks at the same width.  Convergence
    21	            // exposure of one round on one traversal is ~+0.05 lambda.
    22	            static SLOT: std::sync::OnceLock<usize> = std::sync::OnceLock::new();
    23	            tuned_window("SUB4_PP_ROUNDS_MUL", &SLOT, 696)
    24	        }
    25	    }
    26	}
    27
    28	fn rounds() -> usize {
    29	    static SLOT: std::sync::OnceLock<usize> = std::sync::OnceLock::new();
    30	    // BAKE (2026-08-23, this rebase): 704, not 700 -- spends this base's
    31	    // frontier margin buying down lambda_CF instead of banking it as unused
    32	    // score headroom. The "700, not 704" rationale below (T/peak savings
   359	        (PingPongDirection::Divide, Some(plan)) => {
   360	            // Halving order matches the forward walk.
   361	            phase(b, "pp_div_walk", "pp_mul_walk");
   362	            tape = Vec::with_capacity(rounds);
   363	            for r in 0..plan.r1.min(rounds) {
   364	                tape.push(walk_round(b, &mut u, &mut v, r, rounds));
   365	            }
   366	            phase(b, "pp_div_replay", "pp_mul_replay");
   367	            // `walk_round(r1)` would shrink to `value_width(r1)` anyway; doing
   368	            // it before the batch replay costs the same ops and takes two
   369	            // wires off the batch's footprint.
   370	            if plan.r1 < rounds {
   371	                shrink_to(b, &mut u, &mut v, value_width(plan.r1));
   372	            }
   373	            coefficient = b.alloc_qubits(N);
   374	            set_walk_peak(walk_peak(&plan));
   375	            set_chunks(pick_chunks(&plan, plan.r1.min(rounds), u.len()));
   376	            for r in 0..plan.r1.min(rounds) {
   377	                replay_halving_round(b, r, tape[r], &coefficient, numerator);
   378	            }
   379	            clear_chunks();
   380	            for r in plan.r1..=plan.r2.min(rounds - 1) {
   381	                if r >= rounds {
   382	                    break;
   383	                }
   384	                tape.push(walk_round(b, &mut u, &mut v, r, rounds));
   385	                if r + 1 < rounds {
   386	                    shrink_to(b, &mut u, &mut v, value_width(r + 1));
   387	                }
   388	                set_chunks(pick_chunks(&plan, tape.len(), u.len()));
   389	                replay_halving_round(b, r, tape[r], &coefficient, numerator);
   390	                clear_chunks();
   391	            }
   392	            for r in (plan.r2 + 1).max(plan.r1)..rounds {
   393	                tape.push(walk_round(b, &mut u, &mut v, r, rounds));
   394	            }
   395	            let loans = loan(b, &u, &v);
   396	            set_chunks(pick_chunks(&plan, tape.len(), 1));
   397	            for r in (plan.r2 + 1).max(plan.r1)..rounds {
   398	                replay_halving_round(b, r, tape[r], &coefficient, numerator);
   399	            }
   400	            clear_chunks();
   401	            if signed_frame() {
   402	                from_signed_frame(b, &coefficient);
   403	                from_signed_frame(b, numerator);
   404	            }
   405	            conditional_mod_negate(b, u[u.len() - 1], &coefficient);
   406	            conditional_mod_negate(b, v[v.len() - 1], numerator);
   407	            for i in 0..N {
   408	                b.cx(numerator[i], coefficient[i]);
   409	            }
   410	            restore(b, &loans);
   411	            b.free_vec(&coefficient);
   412	            clear_walk_peak();
   413	            phase(b, "pp_div_walkback", "pp_mul_walkback");
   414	            value_walk_back(b, &mut u, &mut v, std::mem::take(&mut tape));
   415	        }
   416	        (PingPongDirection::Multiply, Some(plan)) => {
   417	            // Doubling order matches the walk-back.
   418	            phase(b, "pp_div_walk", "pp_mul_walk");
   419	            tape = value_walk(b, &mut u, &mut v, rounds);
   420	            phase(b, "pp_div_replay", "pp_mul_replay");
   421	            coefficient = b.alloc_qubits(N);
   422	            let loans = loan(b, &u, &v);
   423	            for i in 0..N {
   424	                b.cx(numerator[i], coefficient[i]);
   425	            }
   426	            conditional_mod_negate(b, u[u.len() - 1], &coefficient);
   427	            conditional_mod_negate(b, v[v.len() - 1], numerator);
   428	            set_chunks(pick_chunks(&plan, tape.len(), 1));
   429	            for r in ((plan.r2 + 1).max(plan.r1)..rounds).rev() {
   430	                replay_doubling_round(b, r, tape[r], &coefficient, numerator);
   431	            }
   432	            clear_chunks();
   433	            restore(b, &loans);
   434	            phase(b, "pp_div_walkback", "pp_mul_walkback");
   435	            set_walk_peak(walk_peak(&plan));
   436	            for r in ((plan.r2 + 1).max(plan.r1)..rounds).rev() {
   437	                let sign = tape.pop().expect("tape has round r");
   438	                assert_eq!(tape.len(), r);
   439	                walk_back_round(b, &mut u, &mut v, r, sign, rounds);
   440	            }
   441	            for r in (plan.r1..=plan.r2.min(rounds - 1)).rev() {
   442	                set_chunks(pick_chunks(&plan, r + 1, u.len()));
   443	                replay_doubling_round(b, r, tape[r], &coefficient, numerator);
   444	                clear_chunks();
   445	                let sign = tape.pop().expect("tape has round r");
   446	                assert_eq!(tape.len(), r);
   447	                walk_back_round(b, &mut u, &mut v, r, sign, rounds);
   448	            }
   449	            set_chunks(pick_chunks(&plan, plan.r1.min(rounds), u.len()));
   450	            for r in (0..plan.r1.min(rounds)).rev() {
   451	                replay_doubling_round(b, r, tape[r], &coefficient, numerator);
   452	            }
   453	            clear_chunks();
   454	            b.free_vec(&coefficient);
   455	            clear_walk_peak();
   456	            for r in (0..plan.r1.min(rounds)).rev() {
   457	                let sign = tape.pop().expect("tape has round r");
   458	                assert_eq!(tape.len(), r);
   459	                walk_back_round(b, &mut u, &mut v, r, sign, rounds);
   460	            }
   840	    b.free(a0_xor_both);
   841	    b.cx(a0, not_a1_xor_a0);
   842	    b.cx(not_a1, not_a1_xor_a0);
   843	    b.free(not_a1_xor_a0);
   844	    and_uncompute(b, both, not_a1, a0);
   845	}
   846
   847	/// Fuse the odd lift `a -= (!a0)*p` with ping-pong's first add and shift.
   848	/// With `p = 2^N-f`, `h=(f-1)/2`, and `q=floor(a/2)`, the four low-bit arms are
   849	/// one sparse map: `q - p + a1*p + a0*(p+1)/2`.
   850	fn fused_lift_round0_forward(b: &mut B, v: &[QubitId]) -> QubitId {
   851	    debug_assert_eq!(v.len(), VALUE_WIDTH);
   852	    let a0 = b.alloc_qubit();
   853	    b.cx(v[0], a0);
   854	    for i in 0..VALUE_WIDTH - 1 {
   855	        b.swap(v[i], v[i + 1]);
   856	    }
   857	    b.cx(a0, v[VALUE_WIDTH - 1]);
   858
   859	    let not_a1 = b.alloc_qubit();
   860	    b.x(not_a1);
   861	    b.cx(v[0], not_a1);
   862	    let f = U256::MAX
   863	        .wrapping_sub(SECP256K1_P)
   864	        .wrapping_add(U256::from(1));
   865	    let h = f.wrapping_sub(U256::from(1)) >> 1;
   866	    if mux_round0_correction_enabled() {
   867	        mux_round0_correction(b, &v[..N], not_a1, a0, false);
   868	    } else {
   869	        cadd_nbit_const_direct_fast(b, &v[..N], f, not_a1);
   870	    }
   871	    for &q in &v[N..] {
   872	        b.cx(not_a1, q);
   873	    }
   874	    if !mux_round0_correction_enabled() {
   875	        csub_nbit_const_direct_fast(b, &v[..N], h, a0);
   876	    }
   877	    b.cx(a0, v[N - 1]);
   878
   879	    // The four output ranges are disjoint: a1=0 is negative and a1=1 positive.
   880	    b.cx(v[VALUE_WIDTH - 1], not_a1);
   881	    b.free(not_a1);
   882	    a0
   883	}
   884
   885	/// W3: walk round 1 against the still-classical `u = p`.
   886	///
   887	/// Round 0 is already fused (`fused_lift_round0_forward`); round 1 was missed.
   888	/// Its target is `u`, which STILL HOLDS EXACTLY p, and both values are odd, so
   889	/// with `h = 2^31 + 488` and `(p+1)/2 = 2^255 - h`:
   890	///     (p+v)/2 = (p+1)/2 + (v>>1)        (p-v)/2 = (p+1)/2 - (v>>1) - 1
   891	/// The sign is `s = p[1] ^ v[1] = 1 ^ v[1]`, and XOR-ing `s` across the
   892	/// arithmetic-shifted `v>>1` produces `(-1)^s (v>>1) - s` for free, which is
   893	/// exactly the pair of arms above.  So the whole round is: clear the classical
   894	/// p (X gates), CX in `v>>1` (relabelled, free), XOR the sign (free), subtract
   895	/// the sparse `h` under a truncated borrow window, and add `2^255` as a short
   896	/// increment into the sign-extension wires.  One 257-Toffoli walk add becomes
   897	/// ~53, on all four traversal executions.
   898	fn fuse_round1_enabled() -> bool {
   899	    static SLOT: std::sync::OnceLock<bool> = std::sync::OnceLock::new();
   900	    *SLOT.get_or_init(|| {
   901	        std::env::var("SUB4_PP_FUSE_ROUND1")
   902	            .map(|v| v != "0")
   903	            .unwrap_or(true)
   904	    })
   905	}
   906
   907	/// `(p+1)/2 = 2^255 - ROUND1_H` for `p = 2^256 - 2^32 - 977`.
   908	fn round1_h() -> U256 {
   909	    (U256::from(1) << 31) + U256::from(488)
   910	}
   911
   912	/// Borrow window for the sparse `h` correction: `h`'s top bit is 31, so this
   913	/// slice truncates the borrow 20 positions above it, matching
   914	/// `endpoint_fold_window()`.  Add and subtract use the identical slice, so the
   915	/// pair is an exact mutual inverse; the approximation is only that a borrow
   916	/// which would have run past the slice is dropped (~2^-20 per execution).
   917	fn round1_window(width: usize) -> usize {
   918	    (32 + endpoint_fold_window()).min(width)
   919	}
   920
   921	fn fused_round1_forward(b: &mut B, u: &[QubitId], v: &[QubitId]) -> QubitId {
   922	    let width = u.len();
   923	    debug_assert_eq!(width, v.len());
   924	    debug_assert!(width > N);
   925	    let sign = b.alloc_qubit();
   926	    b.cx(u[1], sign);
   927	    b.cx(v[1], sign);
   928	    // u still holds the classical p: clear it.
   929	    for (i, &q) in u.iter().enumerate() {
   930	        if SECP256K1_P.bit(i) {
   931	            b.x(q);
   932	        }
   933	    }
   934	    // u <- arithmetic v>>1, complemented when sign = 1, i.e. (-1)^s (v>>1) - s.
   935	    for i in 0..width - 1 {
   936	        b.cx(v[i + 1], u[i]);
   937	    }
   938	    b.cx(v[width - 1], u[width - 1]);
   939	    for &q in u {
   940	        b.cx(sign, q);
  1624	fn shrink_to(b: &mut B, u: &mut Vec<QubitId>, v: &mut Vec<QubitId>, width: usize) {
  1625	    while u.len() > width {
  1626	        let (lu, lv) = (u.len(), v.len());
  1627	        b.cx(u[lu - 2], u[lu - 1]);
  1628	        b.cx(v[lv - 2], v[lv - 1]);
  1629	        b.free(u.pop().expect("u has the scheduled width"));
  1630	        b.free(v.pop().expect("v has the scheduled width"));
  1631	    }
  1632	}
  1633
  1634	fn grow_to(b: &mut B, u: &mut Vec<QubitId>, v: &mut Vec<QubitId>, width: usize) {
  1635	    while u.len() < width {
  1636	        let next_u = b.alloc_qubit();
  1637	        let next_v = b.alloc_qubit();
  1638	        b.cx(u[u.len() - 1], next_u);
  1639	        b.cx(v[v.len() - 1], next_v);
  1640	        u.push(next_u);
  1641	        v.push(next_v);
  1642	    }
  1643	}
  1644
  1645	/// One forward walk round; returns the sign qubit to append to the tape.
  1646	/// `rounds` is the calling traversal's own round count (see
  1647	/// [`walk_top_skip`]).
  1648	fn walk_round(
  1649	    b: &mut B,
  1650	    u: &mut Vec<QubitId>,
  1651	    v: &mut Vec<QubitId>,
  1652	    round: usize,
  1653	    rounds: usize,
  1654	) -> QubitId {
  1655	    let width = value_width(round);
  1656	    shrink_to(b, u, v, width);
  1657	    if round == 0 && fused_lift_round0_enabled() {
  1658	        return fused_lift_round0_forward(b, v);
  1659	    }
  1660	    if round == 1 && fuse_round1_enabled() {
  1661	        return fused_round1_forward(b, &u[..width], &v[..width]);
  1662	    }
  1663	    let (source, target) = if round.is_multiple_of(2) {
  1664	        (&u[..width], &v[..width])
  1665	    } else {
  1666	        (&v[..width], &u[..width])
  1667	    };
  1668	    let sign = b.alloc_qubit();
  1669	    b.cx(target[1], sign);
  1670	    b.cx(source[1], sign);
  1671	    let top_skip = walk_top_skip(round, rounds);
  1672	    match walk_low_chunk(round, width) {
  1673	        Some(low) => signed_add_wrapping_sigma_split(b, sign, source, target, true, low, top_skip),
  1674	        None => signed_add_wrapping(b, sign, source, target, true, top_skip),
  1675	    }
  1676	    for i in 0..width - 1 {
  1677	        b.swap(target[i], target[i + 1]);
  1678	    }
  1679	    b.cx(target[width - 2], target[width - 1]);
  1680	    sign
  1681	}
  1682
  1683	/// One reverse walk round; consumes and frees the round's sign qubit.
  1684	/// `rounds` is the calling traversal's own round count (see
  1685	/// [`walk_top_skip`]).
  1686	fn walk_back_round(
  1687	    b: &mut B,
  1688	    u: &mut Vec<QubitId>,
  1689	    v: &mut Vec<QubitId>,
  1690	    round: usize,
  1691	    sign: QubitId,
  1692	    rounds: usize,
  1693	) {
  1694	    let width = value_width(round);
  1695	    grow_to(b, u, v, width);
  1696	    if round == 0 && fused_lift_round0_enabled() {
  1697	        fused_lift_round0_reverse(b, v, sign);
  1698	        return;
  1699	    }
  1700	    if round == 1 && fuse_round1_enabled() {
  1701	        fused_round1_reverse(b, &u[..width], &v[..width], sign);
  1702	        return;
  1703	    }
  1704	    let (source, target) = if round.is_multiple_of(2) {
  1705	        (&u[..width], &v[..width])
  1706	    } else {
  1707	        (&v[..width], &u[..width])
  1708	    };
  1709	    b.cx(target[width - 2], target[width - 1]);
  1710	    for i in (0..width - 1).rev() {
  1711	        b.swap(target[i], target[i + 1]);
  1712	    }
  1713	    b.x(sign);
  1714	    let top_skip = walk_top_skip(round, rounds);
  1715	    match walk_low_chunk(round, width) {
  1716	        Some(low) => signed_add_wrapping_sigma_split(b, sign, source, target, false, low, top_skip),
  1717	        None => signed_add_wrapping(b, sign, source, target, false, top_skip),
  1718	    }
  1719	    b.x(sign);
  1720	    b.cx(target[1], sign);
  1721	    b.cx(source[1], sign);
  1722	    b.free(sign);
  1723	}
  1724
  1725	fn replay_halving_round(b: &mut B, round: usize, sign: QubitId, x: &[QubitId], y: &[QubitId]) {
  1726	    let (source, target) = if round.is_multiple_of(2) { (x, y) } else { (y, x) };
  1727	    if round == 0 {
  1728	        mod_halve_pm(b, target);
  1729	    } else if round == 1 {
  1730	        seed_round_one(b, sign, source, target);
  1731	        mod_halve_pm(b, target);
  1732	    } else {
  1733	        // Rounds 0 and 1 run in the canonical frame; enter the signed frame
  1734	        // once both registers hold a residue in [0,p).
  1735	        if round == 2 && signed_frame() {
  1736	            to_signed_frame(b, x);
  1737	            to_signed_frame(b, y);
  1738	        }
  1739	        if signed_frame() {
  1740	            signed_mod_add_pm_halve_fused_signed(b, sign, source, target);
  1741	        } else {
  1742	            signed_mod_add_pm_halve_fused(b, sign, source, target);
  1743	        }
  1744	    }
  1745	}
  1746
  1747	fn replay_doubling_round(b: &mut B, round: usize, sign: QubitId, x: &[QubitId], y: &[QubitId]) {
  1748	    let fused = std::env::var_os("SUB4_PINGPONG_UNFUSED_INVERSE").is_none();
  1749	    let (source, target) = if round.is_multiple_of(2) { (x, y) } else { (y, x) };
  1750	    if fused && round > 1 {
  1751	        b.x(sign);
  1752	        signed_mod_double_add_pm_fused(b, sign, source, target);
  1753	        b.x(sign);
  1754	    } else {
  1755	        mod_double_pm(b, target);
  1756	    }
  1757	    if round == 1 {
  1758	        seed_round_one_inverse(b, sign, source, target);
  1759	    } else if round > 1 && !fused {
  1760	        b.x(sign);
  1761	        signed_mod_add_pm(b, sign, source, target);
  1762	        b.x(sign);
  1763	    }
  1764	}
  1766	/// Interleaving schedule.  `r1`: rounds below it are replayed in one batch;
  1767	/// `r2`: rounds above it are replayed in one batch at the loaned terminal
  1768	/// state; rounds in `r1..=r2` are replayed right after their walk round
  1769	/// (divide) or right before their walk-back round (multiply).  `peak` is the
  1770	/// width budget the per-round chunk counts are chosen against.
  1771	struct Plan {
  1772	    r1: usize,
  1773	    r2: usize,
  1774	    peak: usize,
  1775	}
  1776
  1777	fn plan(direction: PingPongDirection, rounds: usize) -> Option<Plan> {
  1778	    if std::env::var_os("SUB4_PP_NO_INTERLEAVE").is_some() {
  1779	        return None;
  1780	    }
  1781	    let env = |name: &str, default: usize| {
  1782	        std::env::var(name)
  1783	            .ok()
  1784	            .and_then(|v| v.parse::<usize>().ok())
  1785	            .unwrap_or(default)
  1786	    };
  1787	    // 298, not 509: with the exact split walk adder (`walk_low_chunk`) a walk
  1788	    // round no longer needs its full-width carry ladder, so the batch replay can
  1789	    // run at a checkpoint where the tape is 200 rounds shorter and the walk
  1790	    // registers, though wider, cost less than the tape saves.  That lifts the
  1791	    // batch's chunk-ladder budget from 87 to 130 - the 129 a *two*-chunk layout
  1792	    // needs - so the batch's ~296 replay rounds per traversal pay ONE 23-bit
  1793	    // boundary repair instead of two, and the ~210 rounds now interleaved below
  1794	    // the old r1 pay between one and two.  Net -2,848 executed Toffoli at the
  1795	    // same 1,278 qubits, and 3,100 -> 2,405 truncated repairs per shot, so the
  1796	    // measured-erasure exposure (lambda) goes down as well.
  1797	    // `SUB4_PP_R1=509 SUB4_PP_R2=610` restores the previous op stream byte for
  1798	    // byte: at r1=509 no walk round is ever over budget, so nothing splits.
  1799	    // The replay and square are co-binders: this cut only lowers global width
  1800	    // when the square carry ladder is reduced in the same circuit.
  1801	    // 340/628, not 342/625: re-tuned against the compressed width schedule,
  1802	    // whose narrower interleaved walk registers move the cheapest chunk
  1803	    // layouts by a few rounds in both directions.
  1804	    //
  1805	    // REBASE (2026-08-23, 4eb93cb): our own R1=344/R2=664/PEAK=1278 is stale
  1806	    // on this base; kept upstream's triple pending a fresh coordinate-ascent
  1807	    // re-sweep. MERGE: R1 is now per-direction (theirs), so the multiply
  1808	    // traversal can sit at its own checkpoint via `SUB4_PP_R1_MUL`.
  1809	    let r1 = match direction {
  1810	        PingPongDirection::Divide => env("SUB4_PP_R1", 341),
  1811	        PingPongDirection::Multiply => env("SUB4_PP_R1_MUL", env("SUB4_PP_R1", 341)),
  1812	    };
  1813	    let r2 = env("SUB4_PP_R2", 628);
  1814	    let r1 = r1.min(rounds);
  1815	    let r2 = r2.min(rounds.saturating_sub(1));
  1816	    let peak = env("SUB4_PP_PEAK", 1273);
  1817	    Some(Plan { r1, r2, peak })
  1818	}
  1819
  1820	/// Footprint outside the replay cell at an interleaved round: tape (round+1
  1821	/// signs), both coefficient registers, and the two walk registers at their
  1822	/// current width.
  1823	fn allowance(plan: &Plan, tape_len: usize, walk_width: usize) -> usize {
  1824	    plan.peak.saturating_sub(tape_len + 2 * N + 2 * walk_width)
  1825	}
  1826
  1827	fn walk_peak(plan: &Plan) -> usize {
  1828	    std::env::var("SUB4_PP_WALK_PEAK")
  1829	        .ok()
  1830	        .and_then(|value| value.parse::<usize>().ok())
  1831	        .unwrap_or(plan.peak)
  1832	}
  1833
  1834	fn value_walk(b: &mut B, u: &mut Vec<QubitId>, v: &mut Vec<QubitId>, rounds: usize) -> Vec<QubitId> {
  1835	    let mut tape = Vec::with_capacity(rounds);
  1836	    for round in 0..rounds {
  1837	        let width = value_width(round);
  1838	        while u.len() > width {
  1839	            let (lu, lv) = (u.len(), v.len());
  1840	            b.cx(u[lu - 2], u[lu - 1]);
  1841	            b.cx(v[lv - 2], v[lv - 1]);
  1842	            b.free(u.pop().expect("u has the scheduled width"));
  1843	            b.free(v.pop().expect("v has the scheduled width"));
  1844	        }
  1845
  1846	        if round == 0 && fused_lift_round0_enabled() {
  1847	            tape.push(fused_lift_round0_forward(b, v));
  1848	            continue;
  1849	        }
  1850	        if round == 1 && fuse_round1_enabled() {
  1851	            tape.push(fused_round1_forward(b, &u[..width], &v[..width]));
  1852	            continue;
  1853	        }
  1854
  1855	        let (source, target) = if round.is_multiple_of(2) {
  1856	            (&u[..width], &v[..width])
  1857	        } else {
  1858	            (&v[..width], &u[..width])
  1859	        };
  1860	        // REBASE (2026-08-23, 4eb93cb): upstream's `tail_share` sign-aliasing
  1861	        // (PP_TAIL_SHARE, default-off on b523ecf) was deleted upstream as
  1862	        // dead code -- it was never enabled by default, so dropping it here
  1863	        // changes nothing observable. Our `top_skip` carry-chain trim
  1864	        // (REPORT5 W-B extension) is independent of it and survives alone.
  1865	        let sign = b.alloc_qubit();
  1866	        b.cx(target[1], sign);
  1867	        b.cx(source[1], sign);
  1868	        signed_add_wrapping(b, sign, source, target, true, walk_top_skip(round, rounds));
  1869	        tape.push(sign);
  1870
  1871	        for i in 0..width - 1 {
  1872	            b.swap(target[i], target[i + 1]);
  1873	        }
  1874	        b.cx(target[width - 2], target[width - 1]);
  1875	    }
  1876	    tape
  1877	}
  1878
  1879	fn value_walk_back(b: &mut B, u: &mut Vec<QubitId>, v: &mut Vec<QubitId>, tape: Vec<QubitId>) {
  1950
  1951	fn and_clean(b: &mut B, a: QubitId, c: QubitId) -> QubitId {
  1952	    let out = b.alloc_qubit();
  1953	    b.ccx(a, c, out);
  1954	    out
  1955	}
  1956
  1957	fn and_uncompute(b: &mut B, out: QubitId, a: QubitId, c: QubitId) {
  1958	    let measured = b.alloc_bit();
  1959	    b.hmr(out, measured);
  1960	    b.cz_if(a, c, measured);
  1961	    b.free(out);
  1962	}
  1963
  1964	/// One Gidney chunk, preserving the addend and carry-in and optionally
  1965	/// retaining the carry-out.  Every owned carry is measurement-uncomputed.
  1966	fn chunk_add(
  1967	    b: &mut B,
  1968	    addend: &[QubitId],
  1969	    acc: &[QubitId],
  1970	    carry_in: Option<QubitId>,
  1971	    carry_out: Option<QubitId>,
  1972	) {
  1973	    let width = addend.len();
  1974	    assert_eq!(width, acc.len());
  1975	    if width == 0 {
  1976	        return;
  1977	    }
  1978	    let num_carries = if carry_out.is_some() {
  1979	        width
  1980	    } else {
  1981	        width - 1
  1982	    };
  1983	    if num_carries == 0 {
  1984	        if let Some(carry) = carry_in {
  1985	            b.cx(carry, acc[0]);
  1986	        }
  1987	        b.cx(addend[0], acc[0]);
  1988	        return;
  1989	    }
  1990
  1991	    let owned = num_carries - usize::from(carry_out.is_some());
  1992	    let mut carries = b.alloc_qubits(owned);
  1993	    if let Some(carry) = carry_out {
  1994	        carries.push(carry);
  1995	    }
  1996
  1997	    for i in 0..num_carries {
  1998	        let previous = if i == 0 {
  1999	            carry_in
  2000	        } else {
  2001	            Some(carries[i - 1])
  2002	        };
  2003	        if let Some(previous) = previous {
  2004	            b.cx(previous, addend[i]);
  2005	            b.cx(previous, acc[i]);
  2006	        }
  2007	        b.ccx(addend[i], acc[i], carries[i]);
  2008	        if let Some(previous) = previous {
  2009	            b.cx(previous, carries[i]);
  2010	        }
  2011	    }
  2012
  2013	    if carry_out.is_some() {
  2014	        let i = width - 1;
  2015	        let previous = if i == 0 {
  2016	            carry_in
  2017	        } else {
  2018	            Some(carries[i - 1])
  2019	        };
  2020	        if let Some(previous) = previous {
  2021	            b.cx(previous, addend[i]);
  2022	        }
  2023	        b.cx(addend[i], acc[i]);
  2024	    } else {
  2025	        b.cx(carries[num_carries - 1], acc[width - 1]);
  2026	        b.cx(addend[width - 1], acc[width - 1]);
  2027	    }
  2028
  2029	    for i in (0..owned).rev() {
  2030	        let previous = if i == 0 {
  2031	            carry_in
  2032	        } else {
  2033	            Some(carries[i - 1])
  2034	        };
  2035	        if let Some(previous) = previous {
  2036	            b.cx(previous, carries[i]);
  2037	        }
  2038	        let measured = b.alloc_bit();
  2039	        b.hmr(carries[i], measured);
  2040	        b.cz_if(addend[i], acc[i], measured);
  2041	        if let Some(previous) = previous {
  2042	            b.cx(previous, addend[i]);
  2043	        }
  2044	        b.cx(addend[i], acc[i]);
  2045	    }
  2046	    b.free_vec(&carries[..owned]);
  2047	}
  2048
  2049	fn chunk_bounds(width: usize, chunk: usize) -> Vec<(usize, usize)> {
  2050	    let chunks = width.div_ceil(chunk.max(1)).max(1);
  2051	    let (base, extra) = (width / chunks, width % chunks);
  2052	    let mut bounds = Vec::with_capacity(chunks);
  2053	    let mut lo = 0;
  2054	    for index in 0..chunks {
  2055	        let size = base + usize::from(index < extra);
  2056	        bounds.push((lo, lo + size));
  2057	        lo += size;
  2058	    }
  2059	    bounds
  2060	}
  2061
  2062	/// Exact value add with approximate measurement-only erasure of chunk carries.
  2063	///
  2064	/// Footprint discipline (the chunk ladder is the binding allocation at the
  2065	/// replay peak): the final carry-out is allocated only when the last chunk
  2066	/// starts, and each interior boundary carry is erased as soon as the chunk
  2067	/// that consumed it as carry-in has completed, so at most two boundary wires
  2068	/// are live at any time.
  2069	pub(crate) fn add_chunked_measured(
  2070	    b: &mut B,
  2071	    addend: &[QubitId],
  2072	    acc: &[QubitId],
  2073	    carry_out: Option<QubitId>,
  2074	) {
  2075	    add_chunked_measured_with(b, addend, acc, carry_out, false);
  2076	}
  2077
  2078	/// [`add_chunked_measured`] under an explicit live-ladder budget.
  2079	pub(crate) fn add_chunked_measured_budgeted(
  2080	    b: &mut B,
  2081	    addend: &[QubitId],
  2082	    acc: &[QubitId],
  2083	    carry_out: Option<QubitId>,
  2084	    budget: usize,
  2085	) {
  2086	    let saved = ladder_target_now();
  2087	    set_ladder(budget);
  2088	    add_chunked_measured_with(b, addend, acc, carry_out, false);
  2089	    LADDER_TARGET.with(|c| c.set(saved));
  2090	}
  2091
  2092	/// Like [`add_chunked_measured`] but allocates the carry-out wire itself,
  2093	/// only when the last chunk starts, and returns it.
  2094	fn add_chunked_measured_late_carry(b: &mut B, addend: &[QubitId], acc: &[QubitId]) -> QubitId {
  2095	    add_chunked_measured_with(b, addend, acc, None, true).expect("late carry-out allocated")
  2096	}
  2097
  2098	fn add_chunked_measured_with(
  2099	    b: &mut B,
  2100	    addend: &[QubitId],
  2101	    acc: &[QubitId],
  2102	    carry_out: Option<QubitId>,
  2103	    late_carry_out: bool,
  2104	) -> Option<QubitId> {
  2105	    let n = addend.len();
  2106	    let final_carry = carry_out.is_some() || late_carry_out;
  2107	    let bounds = match ladder_target_now() {
  2108	        None => chunk_bounds(n, replay_chunk()),
  2109	        Some(v) => match legacy_width(v) {
  2110	            Some(width) => chunk_bounds(n, width),
  2111	            None => chunk_layout(n, v, final_carry)
  2112	                .unwrap_or_else(|| chunk_bounds(n, n.div_ceil(12))),
  2113	        },
  2114	    };
  2115	    let legacy = std::env::var_os("SUB4_PP_LEGACY_CHUNK_ORDER").is_some();
  2116	    let erase = |b: &mut B, carry: QubitId, lo: usize, hi: usize| {
  2117	        let width = hi - lo;
  2118	        let compare = replay_chunk_compare().min(width);
  2119	        let phase = b.alloc_bit();
  2120	        b.hmr(carry, phase);
  2121	        cmp_lt_phase_conditioned(b, &acc[hi - compare..hi], &addend[hi - compare..hi], phase);
  2122	        b.free(carry);
  2123	    };
  2124	    let mut live_boundaries = Vec::<(QubitId, usize, usize)>::new();
  2125	    let mut carry_in: Option<QubitId> = None;
  2126	    let mut final_carry = carry_out;
  2127	    for (index, &(lo, hi)) in bounds.iter().enumerate() {
  2128	        let last = index + 1 == bounds.len();
  2129	        let next = if last {
  2130	            if final_carry.is_none() && late_carry_out {
  2131	                final_carry = Some(b.alloc_qubit());
  2132	            }
  2133	            final_carry
  2134	        } else {
  2135	            Some(b.alloc_qubit())
  2136	        };
  2137	        chunk_add(b, &addend[lo..hi], &acc[lo..hi], carry_in, next);
  2138	        if !legacy && index >= 1 {
  2139	            // carry_in (boundary index-1) has now been fully consumed by this
  2140	            // chunk, and the chunk below it is final: erase it immediately.
  2141	            let pos = live_boundaries
  2142	                .iter()
  2143	                .position(|&(q, _, _)| Some(q) == carry_in)
  2144	                .expect("consumed boundary is live");
  2145	            let (carry, plo, phi) = live_boundaries.remove(pos);
  2146	            erase(b, carry, plo, phi);
  2147	        }
  2148	        if !last {
  2149	            live_boundaries.push((next.expect("interior carry"), lo, hi));
  2150	        }
  2151	        carry_in = next;
  2152	    }
  2153
  2154	    for index in (0..live_boundaries.len()).rev() {
  2155	        let (carry, lo, hi) = live_boundaries[index];
  2156	        erase(b, carry, lo, hi);
  2157	    }
  2158	    final_carry
  2159	}
  2160
  2480	/// Signed-frame replay cell: `target <- (target -/+ source)/2 (mod p)`.
  2481	fn signed_mod_add_pm_halve_fused_signed(
  2482	    b: &mut B,
  2483	    sign: QubitId,
  2484	    source: &[QubitId],
  2485	    target: &[QubitId],
  2486	) {
  2487	    let f = pseudo_mersenne_f();
  2488
  2489	    // Bit 256 of the exact two's-complement sum is `carry ^ t255 ^ s255`.
  2490	    // Preload the two sign bits; the adder xors the carry-out in.
  2491	    let hi = b.alloc_qubit();
  2492	    b.cx(target[N - 1], hi);
  2493	    b.cx(source[N - 1], hi);
  2494
  2495	    for &q in target {
  2496	        b.cx(sign, q);
  2497	    }
  2498	    add_chunked_measured(b, source, target, Some(hi));
  2499	    for &q in target {
  2500	        b.cx(sign, q);
  2501	    }
  2502	    // (target, hi) now holds V = target -/+ source exactly, |V| < 2^256.
  2503
  2504	    let parity = b.alloc_qubit();
  2505	    b.cx(target[0], parity);
  2506
  2507	    // eps = -sign(V) * (V mod 2), so R = V + eps*p is even and |R| < 2^256.
  2508	    // eps*p = eps*2^256 - eps*f; +-2^256 is the same bit-256 flip mod 2^257.
  2509	    let minus_f = and_clean(b, parity, hi); // V < 0 and odd  -> add +p -> low -f
  2510	    let plus_f = b.alloc_qubit(); // V >= 0 and odd -> add -p -> low +f
  2511	    b.cx(parity, plus_f);
  2512	    b.cx(minus_f, plus_f);
  2513
  2514	    let negative_f = twos_complement_bits(f, replay_fold_window());
  2515	    fused_fold_maskfree(
  2516	        b,
  2517	        &target[..replay_fold_window()],
  2518	        f,
  2519	        &negative_f,
  2520	        plus_f,
  2521	        None,
  2522	        minus_f,
  2523	        parity,
  2524	    );
  2525
  2526	    b.cx(parity, plus_f);
  2527	    b.cx(minus_f, plus_f);
  2528	    b.free(plus_f);
  2529	    and_uncompute(b, minus_f, parity, hi);
  2530	    b.cx(parity, hi); // hi = bit 256 of R = sign(R)
  2531
  2532	    // The reduction decision.  See `signed_frame`.
  2533	    let phase = b.alloc_bit();
  2534	    b.hmr(parity, phase);
  2535	    let repair = signed_repair_compare();
  2536	    if repair > 0 {
  2537	        signed_parity_repair(b, sign, source, target, hi, phase, repair);
  2538	    }
  2539	    b.free(parity);
  2540
  2541	    // R is even: shift down, then move bit 256 into the vacated top wire.
  2542	    for i in 0..N - 1 {
  2543	        b.swap(target[i], target[i + 1]);
  2544	    }
  2545	    b.swap(hi, target[N - 1]);
  2546	    b.free(hi);
  2547	}
  2628	fn signed_mod_double_add_pm_fused(
  2629	    b: &mut B,
  2630	    sign: QubitId,
  2631	    source: &[QubitId],
  2632	    target: &[QubitId],
  2633	) {
  2634	    let f = U256::MAX
  2635	        .wrapping_sub(SECP256K1_P)
  2636	        .wrapping_add(U256::from(1));
  2637
  2638	    let doubled_out = b.alloc_qubit();
  2639	    b.swap(target[N - 1], doubled_out);
  2640	    for i in (0..N - 1).rev() {
  2641	        b.swap(target[i], target[i + 1]);
  2642	    }
  2643
  2644	    for &q in target {
  2645	        b.cx(sign, q);
  2646	    }
  2647	    let add_out = if std::env::var_os("SUB4_PP_LEGACY_CHUNK_ORDER").is_some() {
  2648	        let add_out = b.alloc_qubit();
  2649	        add_chunked_measured(b, source, target, Some(add_out));
  2650	        add_out
  2651	    } else {
  2652	        add_chunked_measured_late_carry(b, source, target)
  2653	    };
  2654
  2655	    // In the complemented subtraction frame the correction multiple is
  2656	    // d+o when sign=0 and o-d when sign=1, hence {-1,0,+1,+2}.
  2657	    let sign_xor_add = b.alloc_qubit();
  2658	    b.cx(sign, sign_xor_add);
  2659	    b.cx(add_out, sign_xor_add);
  2660	    let routed = and_clean(b, doubled_out, sign_xor_add);
  2661	    b.cx(add_out, sign_xor_add);
  2662	    b.cx(sign, sign_xor_add);
  2663	    b.free(sign_xor_add);
  2664	    let minus_f = and_clean(b, routed, sign);
  2665	    let plus_2f = b.alloc_qubit();
  2666	    b.cx(routed, plus_2f);
  2667	    b.cx(minus_f, plus_2f);
  2668
  2669	    // +/-f is odd and +2f is even, so d^o selects the only bit-0 carry.
  2670	    let odd_correction = b.alloc_qubit();
  2671	    b.cx(doubled_out, odd_correction);
  2672	    b.cx(add_out, odd_correction);
  2673	    let first_carry = and_clean(b, target[0], odd_correction);
  2674	    // The fold retains first_carry and does not read odd_correction. Clear and
  2675	    // release this Clifford-derived flag across the binding carry ladder, then
  2676	    // reconstruct it for the measurement uncompute below.
  2677	    b.cx(add_out, odd_correction);
  2678	    b.cx(doubled_out, odd_correction);
  2679	    b.release_clean(odd_correction);
  2680	    // plus_f = add_out ^ doubled_out ^ minus_f. The carry above captures
  2681	    // every use of add_out during the fold, so use that wire for plus_f.
  2682	    b.cx(doubled_out, add_out);
  2683	    b.cx(minus_f, add_out);
  2684	    let negative_f = twos_complement_bits(f, replay_fold_window_mul());
  2685	    fused_fold_maskfree(
  2686	        b,
  2687	        &target[..replay_fold_window_mul()],
  2688	        f,
  2689	        &negative_f,
  2690	        add_out,
  2691	        Some(plus_2f),
  2692	        minus_f,
  2693	        first_carry,
  2694	    );
  2695
  2696	    b.cx(minus_f, add_out);
  2697	    b.cx(doubled_out, add_out);
  2698	    let odd_correction = b.alloc_qubit();
  2699	    b.cx(doubled_out, odd_correction);
  2700	    b.cx(add_out, odd_correction);
  2701	    b.cx(odd_correction, target[0]);
  2702	    and_uncompute(b, first_carry, target[0], odd_correction);
  2703	    b.cx(odd_correction, target[0]);
  2704	    b.cx(doubled_out, odd_correction);
  2705	    b.cx(add_out, odd_correction);
  2706	    b.free(odd_correction);
  2707
  2708	    b.cx(minus_f, plus_2f);
  2709	    b.cx(routed, plus_2f);
  2710	    b.free(plus_2f);
  2711	    and_uncompute(b, minus_f, routed, sign);
  2712	    let sign_xor_add = b.alloc_qubit();
  2713	    b.cx(sign, sign_xor_add);
  2714	    b.cx(add_out, sign_xor_add);
  2715	    and_uncompute(b, routed, doubled_out, sign_xor_add);
  2716	    b.cx(add_out, sign_xor_add);
  2717	    b.cx(sign, sign_xor_add);
  2718	    b.free(sign_xor_add);
  2719
  2720	    // After the fold, still in the complemented frame,
  2721	    // target[0] = sign ^ source[0] ^ d ^ o.  Clear d without a second ripple.
  2722	    b.cx(target[0], doubled_out);
  2723	    b.cx(sign, doubled_out);
  2724	    b.cx(source[0], doubled_out);
  2725	    b.cx(add_out, doubled_out);
  2726	    b.free(doubled_out);
  2727
  2728	    let phase = b.alloc_bit();
  2729	    b.hmr(add_out, phase);
  2730	    cmp_lt_phase_conditioned(
  2731	        b,
  2732	        &target[N - replay_flag_compare()..],
  2733	        &source[N - replay_flag_compare()..],
  2734	        phase,
  2735	    );
  2736	    b.free(add_out);
  2737	    for &q in target {
  2738	        b.cx(sign, q);
  2739	    }
  2740	}
  2458	    set_default_env("TLM_SQUARE_F_SHIFTED_LOW", "1");
  2459
  2460	    // Freeze the Q1267 fallback composition while keeping each knob
  2461	    // externally overridable for focused reliability experiments. The
  2462	    // pingpong tail nonce intentionally remains at the frontier fallback.
  2463	    set_default_env("SUB4_PINGPONG_LOW56_FOLD", "1");
  2464	    set_default_env("SUB4_PP_ROUNDS", "696");
  2465	    // Keep one additional multiply traversal round as a bounded reliability
  2466	    // purchase. The extra tape wire raises this composition from Q1267 to
  2467	    // Q1268 while retaining a projected score improvement above 0.1%.
  2468	    set_default_env("SUB4_PP_ROUNDS_MUL", "694");
  2469	    set_default_env("SUB4_PP_R1", "335");
  2470	    set_default_env("SUB4_PP_R1_MUL", "315");
  2471	    set_default_env("SUB4_PP_R2", "645");
  2472	    set_default_env("SUB4_PP_PEAK", "1267");
  2473	    set_default_env("SUB4_PP_WALK_PEAK", "1267");
  2474	    set_default_env("SUB4_PP_REPLAY_CHUNK", "96");
  2475	    set_default_env("SUB4_PP_REPLAY_CHUNK_COMPARE", "22");
   132	## Session 2 — structural investigation (deeper pass). Six rigorous dead-end proofs.
   133
   134	**1. Sign non-recomputability (THEOREM, kills tape fusion).** The walk recurrence is
   135	`t ← (t + (−1)^sign·s)/2` with both operands odd and `sign = t1⊕s1` (sign=0→add iff
   136	t1=s1; this exactly makes the halved result odd, preserving the invariant). Mod-4 check
   137	of both candidate pre-images: t⁺=2t'−s always has t⁺1=s1 (consistent with sign=0) and
   138	t⁻=2t'+s always has t⁻1≠s1 (consistent with sign=1). Both pre-images are always valid ⇒
   139	the sign bit is information-theoretically lost from the value state ⇒ the tape cannot be
   140	freed early or recomputed. Tape=703 is NECESSARY for this recurrence.
   141
   142	**2. Pebbling loses to the plateau.** Checkpointing (u,v) at round B costs 2·width(B)
   143	qubits to free B tape bits; the schedule keeps 2·width(r)+r nearly balanced against any
   144	cut point, and the uncompute re-walks cost ≈ +29% T for −3% Q at the best single split.
   145	Always net-negative.
