=== quantum_ecc: build_circuit (untrusted stage) ===

-- building circuit --
PP_PROFILE peak_qubits=1267 peak_ops_idx=913421 peak_phase=pp_div_replay num_qubits=1267 ops=12593762
phase                           ops        ccx        ccz     exec_tof   exec_cliff     peak
tlm_coord_x_sub                6597        329          2       322.33       3133.2        0
tlm_coord_y_sub                6597        329          2       318.61       3099.6        0
tlm_inverse                     250          0          0         0.00          0.0        0
pp_div_walk                  897440      68255          0     68255.00     792057.2        0
pp_div_replay               3674984     286369          0    264645.16    2956915.7        0
pp_div_walkback             1253010      95147          0     95147.00    1108738.6        0
pp_div_restore                 1153          0          0         0.00        903.0        0
tlm_coord_add3x               41456        329          2       320.08       3113.4        0
square_product_register      874342      55081         30     54891.42     628087.7        0
tlm_forward_multiply            250          0          0         0.00          0.0        0
pp_mul_walk                 1256796      95137          0     95137.00    1108410.3        0
pp_mul_replay                255210      20018          0     17512.11     192579.5        0
pp_mul_walkback             4306006     333478          0    314031.28    3553542.1        0
pp_mul_restore                 1114          0          0         0.00        864.0        0
tlm_coord_y_sub_final          6597        329          2       321.42       3125.4        0
tlm_coord_rsub_final          11960        329          2       319.25       3104.9        0
TOTAL                      12593762     955130         40    911220.66
PP_PROFILE lanes=64 classical_mismatch=0 phase=0x0 dirty_qubits=0
  emitted ops : 12593858
  wrote       : ops.bin (45668102 bytes on disk, 705256064 uncompressed, 15.4x)

=== build_circuit OK ===
