=== quantum_ecc: build_circuit (untrusted stage) ===

-- building circuit --
PP_PROFILE peak_qubits=1416 peak_ops_idx=5659231 peak_phase=pp_div_replay num_qubits=1416 ops=15773876
phase                           ops        ccx        ccz     exec_tof   exec_cliff     peak
tlm_coord_x_sub                6597        329          2       322.33       3133.2        0
tlm_coord_y_sub                6597        329          2       318.61       3099.6        0
tlm_inverse                     250          0          0         0.00          0.0        0
pp_div_walk                  897440      68255          0     68255.00     792057.2        0
pp_div_replay               5263568     418751          0    331166.91    3522391.2        0
pp_div_walkback             1253010      95147          0     95147.00    1108725.0        0
pp_div_restore                 1179          0          0         0.00        929.0        0
tlm_coord_add3x               41456        329          2       320.66       3119.8        0
square_product_register      874342      55081         30     54883.31     628016.0        0
tlm_forward_multiply            250          0          0         0.00          0.0        0
pp_mul_walk                 1256796      95137          0     95137.00    1108415.8        0
pp_mul_replay                500586      40466          0     27693.41     279093.0        0
pp_mul_walkback             5652094     445652          0    370386.33    4032521.3        0
pp_mul_restore                 1154          0          0         0.00        904.0        0
tlm_coord_y_sub_final          6597        329          2       320.53       3117.5        0
tlm_coord_rsub_final          11960        329          2       317.84       3090.9        0
TOTAL                      15773876    1220134         40   1044268.92
PP_PROFILE lanes=64 classical_mismatch=0 phase=0x0 dirty_qubits=0
  emitted ops : 15773972
  wrote       : ops.bin (63231145 bytes on disk, 883342448 uncompressed, 14.0x)

=== build_circuit OK ===
